Archive member included to satisfy reference by file (symbol)

C:/Users/Alex/.pico-sdk/toolchain/13_2_Rel1/bin/../lib/gcc/arm-none-eabi/13.2.1/thumb/v6-m/nofp\libgcc.a(_dvmd_tls.o)
                              CMakeFiles/sherbylogger.dir/C_/Users/Alex/.pico-sdk/sdk/2.0.0/src/rp2_common/pico_divider/divider_hardware.S.obj (__aeabi_idiv0)
C:/Users/Alex/.pico-sdk/toolchain/13_2_Rel1/bin/../lib/gcc/arm-none-eabi/13.2.1/thumb/v6-m/nofp\libg.a(libc_a-atoi.o)
                              CMakeFiles/sherbylogger.dir/no-OS-FatFS-SD-SDIO-SPI-RPi-Pico-main/src/sd_driver/sd_card.c.obj (atoi)
C:/Users/Alex/.pico-sdk/toolchain/13_2_Rel1/bin/../lib/gcc/arm-none-eabi/13.2.1/thumb/v6-m/nofp\libg.a(libc_a-calloc.o)
                              CMakeFiles/sherbylogger.dir/C_/Users/Alex/.pico-sdk/sdk/2.0.0/src/rp2_common/pico_malloc/malloc.c.obj (calloc)
C:/Users/Alex/.pico-sdk/toolchain/13_2_Rel1/bin/../lib/gcc/arm-none-eabi/13.2.1/thumb/v6-m/nofp\libg.a(libc_a-callocr.o)
                              C:/Users/Alex/.pico-sdk/toolchain/13_2_Rel1/bin/../lib/gcc/arm-none-eabi/13.2.1/thumb/v6-m/nofp\libg.a(libc_a-calloc.o) (_calloc_r)
C:/Users/Alex/.pico-sdk/toolchain/13_2_Rel1/bin/../lib/gcc/arm-none-eabi/13.2.1/thumb/v6-m/nofp\libg.a(libc_a-malloc.o)
                              CMakeFiles/sherbylogger.dir/C_/Users/Alex/.pico-sdk/sdk/2.0.0/src/rp2_common/pico_malloc/malloc.c.obj (malloc)
C:/Users/Alex/.pico-sdk/toolchain/13_2_Rel1/bin/../lib/gcc/arm-none-eabi/13.2.1/thumb/v6-m/nofp\libg.a(libc_a-mallocr.o)
                              C:/Users/Alex/.pico-sdk/toolchain/13_2_Rel1/bin/../lib/gcc/arm-none-eabi/13.2.1/thumb/v6-m/nofp\libg.a(libc_a-callocr.o) (_malloc_r)
C:/Users/Alex/.pico-sdk/toolchain/13_2_Rel1/bin/../lib/gcc/arm-none-eabi/13.2.1/thumb/v6-m/nofp\libg.a(libc_a-mlock.o)
                              C:/Users/Alex/.pico-sdk/toolchain/13_2_Rel1/bin/../lib/gcc/arm-none-eabi/13.2.1/thumb/v6-m/nofp\libg.a(libc_a-mallocr.o) (__malloc_lock)
C:/Users/Alex/.pico-sdk/toolchain/13_2_Rel1/bin/../lib/gcc/arm-none-eabi/13.2.1/thumb/v6-m/nofp\libg.a(libc_a-realloc.o)
                              CMakeFiles/sherbylogger.dir/C_/Users/Alex/.pico-sdk/sdk/2.0.0/src/rp2_common/pico_malloc/malloc.c.obj (realloc)
C:/Users/Alex/.pico-sdk/toolchain/13_2_Rel1/bin/../lib/gcc/arm-none-eabi/13.2.1/thumb/v6-m/nofp\libg.a(libc_a-reallocr.o)
                              C:/Users/Alex/.pico-sdk/toolchain/13_2_Rel1/bin/../lib/gcc/arm-none-eabi/13.2.1/thumb/v6-m/nofp\libg.a(libc_a-realloc.o) (_realloc_r)
C:/Users/Alex/.pico-sdk/toolchain/13_2_Rel1/bin/../lib/gcc/arm-none-eabi/13.2.1/thumb/v6-m/nofp\libg.a(libc_a-strtol.o)
                              C:/Users/Alex/.pico-sdk/toolchain/13_2_Rel1/bin/../lib/gcc/arm-none-eabi/13.2.1/thumb/v6-m/nofp\libg.a(libc_a-atoi.o) (_strtol_r)
C:/Users/Alex/.pico-sdk/toolchain/13_2_Rel1/bin/../lib/gcc/arm-none-eabi/13.2.1/thumb/v6-m/nofp\libg.a(libc_a-ctype_.o)
                              CMakeFiles/sherbylogger.dir/no-OS-FatFS-SD-SDIO-SPI-RPi-Pico-main/src/sd_driver/sd_card.c.obj (_ctype_)
C:/Users/Alex/.pico-sdk/toolchain/13_2_Rel1/bin/../lib/gcc/arm-none-eabi/13.2.1/thumb/v6-m/nofp\libg.a(libc_a-fopencookie.o)
                              CMakeFiles/sherbylogger.dir/no-OS-FatFS-SD-SDIO-SPI-RPi-Pico-main/src/src/file_stream.c.obj (fopencookie)
C:/Users/Alex/.pico-sdk/toolchain/13_2_Rel1/bin/../lib/gcc/arm-none-eabi/13.2.1/thumb/v6-m/nofp\libg.a(libc_a-memcmp.o)
                              CMakeFiles/sherbylogger.dir/no-OS-FatFS-SD-SDIO-SPI-RPi-Pico-main/src/ff15/source/ff.c.obj (memcmp)
C:/Users/Alex/.pico-sdk/toolchain/13_2_Rel1/bin/../lib/gcc/arm-none-eabi/13.2.1/thumb/v6-m/nofp\libg.a(libc_a-memmove.o)
                              C:/Users/Alex/.pico-sdk/toolchain/13_2_Rel1/bin/../lib/gcc/arm-none-eabi/13.2.1/thumb/v6-m/nofp\libg.a(libc_a-reallocr.o) (memmove)
C:/Users/Alex/.pico-sdk/toolchain/13_2_Rel1/bin/../lib/gcc/arm-none-eabi/13.2.1/thumb/v6-m/nofp\libg.a(libc_a-strchr.o)
                              CMakeFiles/sherbylogger.dir/no-OS-FatFS-SD-SDIO-SPI-RPi-Pico-main/src/ff15/source/ff.c.obj (strchr)
C:/Users/Alex/.pico-sdk/toolchain/13_2_Rel1/bin/../lib/gcc/arm-none-eabi/13.2.1/thumb/v6-m/nofp\libg.a(libc_a-lcltime_r.o)
                              CMakeFiles/sherbylogger.dir/no-OS-FatFS-SD-SDIO-SPI-RPi-Pico-main/src/src/crash.c.obj (localtime_r)
C:/Users/Alex/.pico-sdk/toolchain/13_2_Rel1/bin/../lib/gcc/arm-none-eabi/13.2.1/thumb/v6-m/nofp\libg.a(libc_a-mktime.o)
                              CMakeFiles/sherbylogger.dir/C_/Users/Alex/.pico-sdk/sdk/2.0.0/src/common/pico_util/datetime.c.obj (mktime)
C:/Users/Alex/.pico-sdk/toolchain/13_2_Rel1/bin/../lib/gcc/arm-none-eabi/13.2.1/thumb/v6-m/nofp\libg.a(libc_a-month_lengths.o)
                              C:/Users/Alex/.pico-sdk/toolchain/13_2_Rel1/bin/../lib/gcc/arm-none-eabi/13.2.1/thumb/v6-m/nofp\libg.a(libc_a-lcltime_r.o) (__month_lengths)
[...]
Memory Configuration

Name             Origin             Length             Attributes
FLASH            0x10000000         0x00200000         xr
RAM              0x20000000         0x00040000         xrw
SCRATCH_X        0x20040000         0x00001000         xrw
SCRATCH_Y        0x20041000         0x00001000         xrw
*default*        0x00000000         0xffffffff

Linker script and memory map

LOAD C:/Users/Alex/.pico-sdk/toolchain/13_2_Rel1/bin/../lib/gcc/arm-none-eabi/13.2.1/thumb/v6-m/nofp/crti.o
LOAD C:/Users/Alex/.pico-sdk/toolchain/13_2_Rel1/bin/../lib/gcc/arm-none-eabi/13.2.1/thumb/v6-m/nofp/crtbegin.o
LOAD C:/Users/Alex/.pico-sdk/toolchain/13_2_Rel1/bin/../lib/gcc/arm-none-eabi/13.2.1/thumb/v6-m/nofp/crt0.o

.flash_begin    0x10000000        0x0
                0x10000000                        __flash_binary_start = .

.boot2          0x10000000      0x100
                0x10000000                        __boot2_start__ = .
 *(.boot2)
 .boot2         0x10000000      0x100 C:\Users\Alex\AppData\Local\Temp\ccsRhTJA.o
                0x10000100                        __boot2_end__ = .
                0x00000001                        ASSERT (((__boot2_end__ - __boot2_start__) == 0x100), ERROR: Pico second stage bootloader must be 256 bytes in size)

.text           0x10000100     0x563c
                0x10000100                        __logical_binary_start = .
 *(.vectors)
 .vectors       0x10000100       0xd4 CMakeFiles/sherbylogger.dir/C_/Users/Alex/.pico-sdk/sdk/2.0.0/src/rp2_common/pico_crt0/crt0.S.obj
                0x10000100                __vectors
                0x10000100                __VECTOR_TABLE
                0x100001c0                isr_invalid
                0x100001c0                __default_isrs_start
                0x100001c2                NMI_Handler
                0x100001c6                SVC_Handler
                0x100001c8                PendSV_Handler
                0x100001ca                SysTick_Handler
                0x100001cc                isr_irq5
                0x100001cc                isr_irq11
                0x100001cc                isr_irq23
                0x100001cc                isr_irq18
                0x100001cc                isr_irq28
                0x100001cc                isr_irq31
                0x100001cc                isr_irq0
                0x100001cc                isr_irq6
                0x100001cc                isr_irq27
                0x100001cc                isr_irq12
                0x100001cc                isr_irq22
                0x100001cc                isr_irq13
                0x100001cc                isr_irq17
                0x100001cc                isr_irq14
                0x100001cc                __unhandled_user_irq
                0x100001cc                isr_irq2
                0x100001cc                isr_irq10
                0x100001cc                isr_irq8
                0x100001cc                isr_irq19
                0x100001cc                isr_irq24
                0x100001cc                isr_irq1
                0x100001cc                isr_irq7
                0x100001cc                isr_irq21
                0x100001cc                isr_irq20
                0x100001cc                isr_irq15
                0x100001cc                isr_irq25
                0x100001cc                isr_irq30
                0x100001cc                isr_irq4
                0x100001cc                isr_irq16
                0x100001cc                isr_irq29
                0x100001cc                isr_irq26
                0x100001cc                __default_isrs_end
                0x100001cc                isr_irq3
                0x100001cc                isr_irq9
                0x100001d2                unhandled_user_irq_num_in_r0
 *(.binary_info_header)
 .binary_info_header
                0x100001d4       0x14 CMakeFiles/sherbylogger.dir/C_/Users/Alex/.pico-sdk/sdk/2.0.0/src/rp2_common/pico_crt0/crt0.S.obj
                0x100001e8                        __binary_info_header_end = .
 *(.embedded_block)
                0x100001e8                        __embedded_block_end = .
 *(.reset)
 .reset         0x100001e8       0x9c CMakeFiles/sherbylogger.dir/C_/Users/Alex/.pico-sdk/sdk/2.0.0/src/rp2_common/pico_crt0/crt0.S.obj
                0x100001e8                _entry_point
 *(.init)
 .init          0x10000284        0x4 C:/Users/Alex/.pico-sdk/toolchain/13_2_Rel1/bin/../lib/gcc/arm-none-eabi/13.2.1/thumb/v6-m/nofp/crti.o
                0x10000284                _init
 *(EXCLUDE_FILE(*libm.a: *libc.a:*lib_a-mem*.o *libgcc.a:) .text*)
 .text.register_tm_clones
                0x10000288       0x28 C:/Users/Alex/.pico-sdk/toolchain/13_2_Rel1/bin/../lib/gcc/arm-none-eabi/13.2.1/thumb/v6-m/nofp/crtbegin.o
 .text.frame_dummy
                0x100002b0       0x24 C:/Users/Alex/.pico-sdk/toolchain/13_2_Rel1/bin/../lib/gcc/arm-none-eabi/13.2.1/thumb/v6-m/nofp/crtbegin.o
 .text._ZL15PIOx_IRQHandlerv
                0x100002d4       0x10 CMakeFiles/sherbylogger.dir/src/sherbylogger.cpp.obj
 .text._ZL10can2040_cbP7can2040mP11can2040_msg
                0x100002e4       0x10 CMakeFiles/sherbylogger.dir/src/sherbylogger.cpp.obj
 .text._Z12canbus_setupv
                0x100002f4       0x64 CMakeFiles/sherbylogger.dir/src/sherbylogger.cpp.obj
                0x100002f4                canbus_setup()
 .text.startup.main
                0x10000358       0xc8 CMakeFiles/sherbylogger.dir/src/sherbylogger.cpp.obj
                0x10000358                main
 .text.__NVIC_SystemReset
                0x10000420       0x1c CMakeFiles/sherbylogger.dir/no-OS-FatFS-SD-SDIO-SPI-RPi-Pico-main/src/src/crash.c.obj
 .text.crc7.constprop.0
                0x1000043c       0x20 CMakeFiles/sherbylogger.dir/no-OS-FatFS-SD-SDIO-SPI-RPi-Pico-main/src/src/crash.c.obj
 .text.Hardfault_HandlerC
                0x1000045c       0x60 CMakeFiles/sherbylogger.dir/no-OS-FatFS-SD-SDIO-SPI-RPi-Pico-main/src/src/crash.c.obj
                0x1000045c                Hardfault_HandlerC
 .text.HardFault_Handler
                0x100004bc       0x18 CMakeFiles/sherbylogger.dir/no-OS-FatFS-SD-SDIO-SPI-RPi-Pico-main/src/src/crash.c.obj
                0x100004bc                HardFault_Handler
 .text.pio_sm_setup
                0x100004d4       0xe8 CMakeFiles/sherbylogger.dir/can2040/src/can2040.c.obj
 .text.bitstuff
                0x100005bc       0x84 CMakeFiles/sherbylogger.dir/can2040/src/can2040.c.obj
 .text.data_state_go_discard
                0x10000640       0x64 CMakeFiles/sherbylogger.dir/can2040/src/can2040.c.obj
 .text.tx_schedule_transmit
                0x100006a4       0xe0 CMakeFiles/sherbylogger.dir/can2040/src/can2040.c.obj
 .text.data_state_go_crc
                0x10000784      0x10c CMakeFiles/sherbylogger.dir/can2040/src/can2040.c.obj
 .text.can2040_pio_irq_handler
                0x10000890      0xa80 CMakeFiles/sherbylogger.dir/can2040/src/can2040.c.obj
                0x10000890                can2040_pio_irq_handler
 .text.can2040_check_transmit
                0x10001310       0x10 CMakeFiles/sherbylogger.dir/can2040/src/can2040.c.obj
                0x10001310                can2040_check_transmit
 .text.can2040_transmit
                0x10001320      0x3d0 CMakeFiles/sherbylogger.dir/can2040/src/can2040.c.obj
                0x10001320                can2040_transmit
 .text.can2040_setup
                0x100016f0       0x30 CMakeFiles/sherbylogger.dir/can2040/src/can2040.c.obj
                0x100016f0                can2040_setup
 .text.can2040_callback_config
                0x10001720        0x4 CMakeFiles/sherbylogger.dir/can2040/src/can2040.c.obj
                0x10001720                can2040_callback_config
 .text.can2040_start
                0x10001724      0x104 CMakeFiles/sherbylogger.dir/can2040/src/can2040.c.obj
                0x10001724                can2040_start
 .text.can2040_get_statistics
                0x10001828       0x24 CMakeFiles/sherbylogger.dir/can2040/src/can2040.c.obj
                0x10001828                can2040_get_statistics
 .text.gpio_set_function
                0x1000184c       0x34 CMakeFiles/sherbylogger.dir/C_/Users/Alex/.pico-sdk/sdk/2.0.0/src/rp2_common/hardware_gpio/gpio.c.obj
                0x1000184c                gpio_set_function
 .text.panic    0x10001880       0x30 CMakeFiles/sherbylogger.dir/C_/Users/Alex/.pico-sdk/sdk/2.0.0/src/rp2_common/pico_platform_panic/panic.c.obj
                0x10001880                panic
 .text.hw_claim_or_assert
                0x100018b0       0x44 CMakeFiles/sherbylogger.dir/C_/Users/Alex/.pico-sdk/sdk/2.0.0/src/common/hardware_claim/claim.c.obj
                0x100018b0                hw_claim_or_assert
 .text.next_striped_spin_lock_num
                0x100018f4       0x18 CMakeFiles/sherbylogger.dir/C_/Users/Alex/.pico-sdk/sdk/2.0.0/src/rp2_common/hardware_sync/sync.c.obj
                0x100018f4                next_striped_spin_lock_num
 .text.spin_locks_reset
                0x1000190c       0x1c CMakeFiles/sherbylogger.dir/C_/Users/Alex/.pico-sdk/sdk/2.0.0/src/rp2_common/hardware_sync_spin_lock/sync_spin_lock.c.obj
                0x1000190c                spin_locks_reset
 .text.runtime_init_per_core_irq_priorities
                0x10001928       0x24 CMakeFiles/sherbylogger.dir/C_/Users/Alex/.pico-sdk/sdk/2.0.0/src/rp2_common/hardware_irq/irq.c.obj
                0x10001928                runtime_init_per_core_irq_priorities
 .text.irq_set_enabled
                0x1000194c       0x24 CMakeFiles/sherbylogger.dir/C_/Users/Alex/.pico-sdk/sdk/2.0.0/src/rp2_common/hardware_irq/irq.c.obj
                0x1000194c                irq_set_enabled
 .text.irq_set_exclusive_handler
                0x10001970       0x54 CMakeFiles/sherbylogger.dir/C_/Users/Alex/.pico-sdk/sdk/2.0.0/src/rp2_common/hardware_irq/irq.c.obj
                0x10001970                irq_set_exclusive_handler
 .text.irq_remove_handler
                0x100019c4      0x1d4 CMakeFiles/sherbylogger.dir/C_/Users/Alex/.pico-sdk/sdk/2.0.0/src/rp2_common/hardware_irq/irq.c.obj
                0x100019c4                irq_remove_handler
 .text.irq_add_tail_to_free_list
                0x10001b98       0xb4 CMakeFiles/sherbylogger.dir/C_/Users/Alex/.pico-sdk/sdk/2.0.0/src/rp2_common/hardware_irq/irq.c.obj
                0x10001b98                irq_add_tail_to_free_list
 .text.lock_init
                0x10001c4c       0x10 CMakeFiles/sherbylogger.dir/C_/Users/Alex/.pico-sdk/sdk/2.0.0/src/common/pico_sync/lock_core.c.obj
                0x10001c4c                lock_init
 .text.runtime_init_mutex
                0x10001c5c       0x50 CMakeFiles/sherbylogger.dir/C_/Users/Alex/.pico-sdk/sdk/2.0.0/src/common/pico_sync/mutex.c.obj
                0x10001c5c                runtime_init_mutex
 .text.sleep_until_callback
                0x10001cac       0x30 CMakeFiles/sherbylogger.dir/C_/Users/Alex/.pico-sdk/sdk/2.0.0/src/common/pico_time/time.c.obj
 .text.alarm_pool_irq_handler
                0x10001cdc      0x2e4 CMakeFiles/sherbylogger.dir/C_/Users/Alex/.pico-sdk/sdk/2.0.0/src/common/pico_time/time.c.obj
 .text.runtime_init_default_alarm_pool
                0x10001fc0       0xdc CMakeFiles/sherbylogger.dir/C_/Users/Alex/.pico-sdk/sdk/2.0.0/src/common/pico_time/time.c.obj
                0x10001fc0                runtime_init_default_alarm_pool
 .text.alarm_pool_add_alarm_at_force_in_context
                0x1000209c       0xb0 CMakeFiles/sherbylogger.dir/C_/Users/Alex/.pico-sdk/sdk/2.0.0/src/common/pico_time/time.c.obj
                0x1000209c                alarm_pool_add_alarm_at_force_in_context
 .text.alarm_pool_cancel_alarm
                0x1000214c       0x74 CMakeFiles/sherbylogger.dir/C_/Users/Alex/.pico-sdk/sdk/2.0.0/src/common/pico_time/time.c.obj
                0x1000214c                alarm_pool_cancel_alarm
 .text.sleep_until
                0x100021c0       0xd8 CMakeFiles/sherbylogger.dir/C_/Users/Alex/.pico-sdk/sdk/2.0.0/src/common/pico_time/time.c.obj
                0x100021c0                sleep_until
 .text.sleep_ms
                0x10002298       0x38 CMakeFiles/sherbylogger.dir/C_/Users/Alex/.pico-sdk/sdk/2.0.0/src/common/pico_time/time.c.obj
                0x10002298                sleep_ms
 .text.best_effort_wfe_or_timeout
                0x100022d0      0x134 CMakeFiles/sherbylogger.dir/C_/Users/Alex/.pico-sdk/sdk/2.0.0/src/common/pico_time/time.c.obj
                0x100022d0                best_effort_wfe_or_timeout
 .text.timer_hardware_alarm_claim
                0x10002404       0x14 CMakeFiles/sherbylogger.dir/C_/Users/Alex/.pico-sdk/sdk/2.0.0/src/rp2_common/hardware_timer/timer.c.obj
                0x10002404                timer_hardware_alarm_claim
 .text.timer_time_us_64
                0x10002418       0x10 CMakeFiles/sherbylogger.dir/C_/Users/Alex/.pico-sdk/sdk/2.0.0/src/rp2_common/hardware_timer/timer.c.obj
                0x10002418                timer_time_us_64
 .text.time_us_64
                0x10002428       0x14 CMakeFiles/sherbylogger.dir/C_/Users/Alex/.pico-sdk/sdk/2.0.0/src/rp2_common/hardware_timer/timer.c.obj
                0x10002428                time_us_64
 .text.busy_wait_us
                0x1000243c       0x68 CMakeFiles/sherbylogger.dir/C_/Users/Alex/.pico-sdk/sdk/2.0.0/src/rp2_common/hardware_timer/timer.c.obj
                0x1000243c                busy_wait_us
 .text.busy_wait_until
                0x100024a4       0x20 CMakeFiles/sherbylogger.dir/C_/Users/Alex/.pico-sdk/sdk/2.0.0/src/rp2_common/hardware_timer/timer.c.obj
                0x100024a4                busy_wait_until
 .text.uart_init
                0x100024c4      0x120 CMakeFiles/sherbylogger.dir/C_/Users/Alex/.pico-sdk/sdk/2.0.0/src/rp2_common/hardware_uart/uart.c.obj
                0x100024c4                uart_init
 .text.clock_configure_int_divider
                0x100025e4       0xf4 CMakeFiles/sherbylogger.dir/C_/Users/Alex/.pico-sdk/sdk/2.0.0/src/rp2_common/hardware_clocks/clocks.c.obj
                0x100025e4                clock_configure_int_divider
 .text.clock_configure_undivided
                0x100026d8       0xe8 CMakeFiles/sherbylogger.dir/C_/Users/Alex/.pico-sdk/sdk/2.0.0/src/rp2_common/hardware_clocks/clocks.c.obj
                0x100026d8                clock_configure_undivided
 .text.clock_get_hz
                0x100027c0        0xc CMakeFiles/sherbylogger.dir/C_/Users/Alex/.pico-sdk/sdk/2.0.0/src/rp2_common/hardware_clocks/clocks.c.obj
                0x100027c0                clock_get_hz
 .text.pll_init
                0x100027cc       0xa4 CMakeFiles/sherbylogger.dir/C_/Users/Alex/.pico-sdk/sdk/2.0.0/src/rp2_common/hardware_pll/pll.c.obj
                0x100027cc                pll_init
 .text.tick_start
                0x10002870       0x10 CMakeFiles/sherbylogger.dir/C_/Users/Alex/.pico-sdk/sdk/2.0.0/src/rp2_common/hardware_ticks/ticks.c.obj
                0x10002870                tick_start
 .text.xosc_init
                0x10002880       0x28 CMakeFiles/sherbylogger.dir/C_/Users/Alex/.pico-sdk/sdk/2.0.0/src/rp2_common/hardware_xosc/xosc.c.obj
                0x10002880                xosc_init
 .text.first_per_core_initializer
                0x100028a8        0x4 CMakeFiles/sherbylogger.dir/C_/Users/Alex/.pico-sdk/sdk/2.0.0/src/rp2_common/pico_runtime/runtime.c.obj
 .text.hard_assertion_failure
                0x100028ac        0xc CMakeFiles/sherbylogger.dir/C_/Users/Alex/.pico-sdk/sdk/2.0.0/src/rp2_common/pico_runtime/runtime.c.obj
                0x100028ac                hard_assertion_failure
 .text.runtime_run_initializers
                0x100028b8       0x28 CMakeFiles/sherbylogger.dir/C_/Users/Alex/.pico-sdk/sdk/2.0.0/src/rp2_common/pico_runtime/runtime.c.obj
                0x100028b8                runtime_run_initializers
 .text.runtime_init_early_resets
                0x100028e0       0x2c CMakeFiles/sherbylogger.dir/C_/Users/Alex/.pico-sdk/sdk/2.0.0/src/rp2_common/pico_runtime_init/runtime_init.c.obj
                0x100028e0                runtime_init_early_resets
 .text.runtime_init_usb_power_down
                0x1000290c       0x1c CMakeFiles/sherbylogger.dir/C_/Users/Alex/.pico-sdk/sdk/2.0.0/src/rp2_common/pico_runtime_init/runtime_init.c.obj
                0x1000290c                runtime_init_usb_power_down
 .text.runtime_init_post_clock_resets
                0x10002928       0x20 CMakeFiles/sherbylogger.dir/C_/Users/Alex/.pico-sdk/sdk/2.0.0/src/rp2_common/pico_runtime_init/runtime_init.c.obj
                0x10002928                runtime_init_post_clock_resets
 .text.runtime_init_rp2040_gpio_ie_disable
                0x10002948       0x14 CMakeFiles/sherbylogger.dir/C_/Users/Alex/.pico-sdk/sdk/2.0.0/src/rp2_common/pico_runtime_init/runtime_init.c.obj
                0x10002948                runtime_init_rp2040_gpio_ie_disable
 .text.runtime_init_spin_locks_reset
                0x1000295c        0x8 CMakeFiles/sherbylogger.dir/C_/Users/Alex/.pico-sdk/sdk/2.0.0/src/rp2_common/pico_runtime_init/runtime_init.c.obj
                0x1000295c                runtime_init_spin_locks_reset
 .text.runtime_init_install_ram_vector_table
                0x10002964       0x1c CMakeFiles/sherbylogger.dir/C_/Users/Alex/.pico-sdk/sdk/2.0.0/src/rp2_common/pico_runtime_init/runtime_init.c.obj
                0x10002964                runtime_init_install_ram_vector_table
 .text.runtime_init_clocks
                0x10002980       0xd8 CMakeFiles/sherbylogger.dir/C_/Users/Alex/.pico-sdk/sdk/2.0.0/src/rp2_common/pico_runtime_init/runtime_init_clocks.c.obj
                0x10002980                runtime_init_clocks
 .text          0x10002a58       0x10 CMakeFiles/sherbylogger.dir/C_/Users/Alex/.pico-sdk/sdk/2.0.0/src/rp2_common/pico_bit_ops/bit_ops_aeabi.S.obj
 .text.rom_func_lookup
                0x10002a68       0x10 CMakeFiles/sherbylogger.dir/C_/Users/Alex/.pico-sdk/sdk/2.0.0/src/rp2_common/pico_bootrom/bootrom.c.obj
                0x10002a68                rom_func_lookup
 .text.rom_data_lookup
                0x10002a78       0x10 CMakeFiles/sherbylogger.dir/C_/Users/Alex/.pico-sdk/sdk/2.0.0/src/rp2_common/pico_bootrom/bootrom.c.obj
                0x10002a78                rom_data_lookup
 .text.rom_funcs_lookup
                0x10002a88       0x44 CMakeFiles/sherbylogger.dir/C_/Users/Alex/.pico-sdk/sdk/2.0.0/src/rp2_common/pico_bootrom/bootrom.c.obj
                0x10002a88                rom_funcs_lookup
 .text.__wrap___aeabi_idiv
                0x10002acc       0x50 CMakeFiles/sherbylogger.dir/C_/Users/Alex/.pico-sdk/sdk/2.0.0/src/rp2_common/pico_divider/divider_hardware.S.obj
                0x10002acc                __wrap___aeabi_idivmod
                0x10002acc                divmod_s32s32
                0x10002acc                div_s32s32
                0x10002acc                __wrap___aeabi_idiv
                0x10002ad4                divmod_s32s32_unsafe
                0x10002b00                divmod_s32s32_savestate
 .text.__wrap___aeabi_uidiv
                0x10002b1c       0x4c CMakeFiles/sherbylogger.dir/C_/Users/Alex/.pico-sdk/sdk/2.0.0/src/rp2_common/pico_divider/divider_hardware.S.obj
                0x10002b1c                __wrap___aeabi_uidiv
                0x10002b1c                __wrap___aeabi_uidivmod
                0x10002b1c                div_u32u32
                0x10002b1c                divmod_u32u32
                0x10002b24                divmod_u32u32_unsafe
                0x10002b4c                divmod_u32u32_savestate
 .text.__wrap___aeabi_ldiv
                0x10002b68      0x424 CMakeFiles/sherbylogger.dir/C_/Users/Alex/.pico-sdk/sdk/2.0.0/src/rp2_common/pico_divider/divider_hardware.S.obj
                0x10002b68                div_s64s64
                0x10002b68                divmod_s64s64
                0x10002b68                __wrap___aeabi_ldivmod
                0x10002b98                divmod_u64u64
                0x10002b98                div_u64u64
                0x10002b98                __wrap___aeabi_uldivmod
                0x10002ba8                divmod_u64u64_savestate
                0x10002bc8                divmod_s64s64_unsafe
                0x10002c50                divmod_u64u64_unsafe
 .text.__wrap___aeabi_darithmetic
                0x10002f8c       0x80 CMakeFiles/sherbylogger.dir/C_/Users/Alex/.pico-sdk/sdk/2.0.0/src/rp2_common/pico_double/double_aeabi_rp2040.S.obj
                0x10002f8c                __wrap___aeabi_drsub
                0x10002f92                __wrap___aeabi_dsub
                0x10002fa4                __wrap___aeabi_dadd
                0x10002fb6                __wrap___aeabi_ddiv
                0x10002ff2                __wrap___aeabi_dmul
 .text.__wrap___aeabi_cdcmple
                0x1000300c       0x6c CMakeFiles/sherbylogger.dir/C_/Users/Alex/.pico-sdk/sdk/2.0.0/src/rp2_common/pico_double/double_aeabi_rp2040.S.obj
                0x1000300c                __wrap___aeabi_cdrcmple
                0x1000301c                __wrap___aeabi_cdcmpeq
                0x1000301c                __wrap___aeabi_cdcmple
 .text.__wrap___aeabi_dcmplt
                0x10003078        0xc CMakeFiles/sherbylogger.dir/C_/Users/Alex/.pico-sdk/sdk/2.0.0/src/rp2_common/pico_double/double_aeabi_rp2040.S.obj
                0x10003078                __wrap___aeabi_dcmplt
 .text.__wrap___aeabi_dcmpge
                0x10003084       0x10 CMakeFiles/sherbylogger.dir/C_/Users/Alex/.pico-sdk/sdk/2.0.0/src/rp2_common/pico_double/double_aeabi_rp2040.S.obj
                0x10003084                __wrap___aeabi_dcmpge
 .text.__wrap___aeabi_dcmpgt
                0x10003094        0xa CMakeFiles/sherbylogger.dir/C_/Users/Alex/.pico-sdk/sdk/2.0.0/src/rp2_common/pico_double/double_aeabi_rp2040.S.obj
                0x10003094                __wrap___aeabi_dcmpgt
 .text.__wrap___aeabi_dcmpun
                0x1000309e       0x18 CMakeFiles/sherbylogger.dir/C_/Users/Alex/.pico-sdk/sdk/2.0.0/src/rp2_common/pico_double/double_aeabi_rp2040.S.obj
                0x1000309e                __wrap___aeabi_dcmpun
 *fill*         0x100030b6        0x2 
 .text.__wrap___aeabi_i2d
                0x100030b8       0x38 CMakeFiles/sherbylogger.dir/C_/Users/Alex/.pico-sdk/sdk/2.0.0/src/rp2_common/pico_double/double_aeabi_rp2040.S.obj
                0x100030b8                __wrap___aeabi_ui2d
                0x100030c0                __wrap___aeabi_i2d
 .text.__wrap___aeabi_d2iz
                0x100030f0       0x48 CMakeFiles/sherbylogger.dir/C_/Users/Alex/.pico-sdk/sdk/2.0.0/src/rp2_common/pico_double/double_aeabi_rp2040.S.obj
                0x100030f0                double2int_z
                0x100030f0                __wrap___aeabi_d2iz
 .text.__wrap___aeabi_d2uiz
                0x10003138       0x18 CMakeFiles/sherbylogger.dir/C_/Users/Alex/.pico-sdk/sdk/2.0.0/src/rp2_common/pico_double/double_aeabi_rp2040.S.obj
                0x10003138                __wrap___aeabi_d2uiz
                0x10003138                double2uint
 .text.__aeabi_double_init
                0x10003150       0xa4 CMakeFiles/sherbylogger.dir/C_/Users/Alex/.pico-sdk/sdk/2.0.0/src/rp2_common/pico_double/double_init_rom_rp2040.c.obj
                0x10003150                __aeabi_double_init
 .text.double_table_shim_on_use_helper
                0x100031f4       0x2c CMakeFiles/sherbylogger.dir/C_/Users/Alex/.pico-sdk/sdk/2.0.0/src/rp2_common/pico_double/double_v1_rom_shim_rp2040.S.obj
                0x100031f4                double_table_shim_on_use_helper
 .text.__wrap___aeabi_dsub
                0x10003220       0x10 CMakeFiles/sherbylogger.dir/C_/Users/Alex/.pico-sdk/sdk/2.0.0/src/rp2_common/pico_double/double_v1_rom_shim_rp2040.S.obj
                0x10003220                drsub_shim
                0x10003226                dsub_shim
 .text.dadd_shim
                0x10003230      0x15c CMakeFiles/sherbylogger.dir/C_/Users/Alex/.pico-sdk/sdk/2.0.0/src/rp2_common/pico_double/double_v1_rom_shim_rp2040.S.obj
                0x10003230                dadd_shim
 .text.dmul_shim
                0x1000338c      0x15c CMakeFiles/sherbylogger.dir/C_/Users/Alex/.pico-sdk/sdk/2.0.0/src/rp2_common/pico_double/double_v1_rom_shim_rp2040.S.obj
                0x1000338c                dmul_shim
 .text.ddiv_shim
                0x100034e8      0x1b0 CMakeFiles/sherbylogger.dir/C_/Users/Alex/.pico-sdk/sdk/2.0.0/src/rp2_common/pico_double/double_v1_rom_shim_rp2040.S.obj
                0x100034e8                ddiv_shim
 .text.double2uint_shim
                0x10003698        0xe CMakeFiles/sherbylogger.dir/C_/Users/Alex/.pico-sdk/sdk/2.0.0/src/rp2_common/pico_double/double_v1_rom_shim_rp2040.S.obj
                0x10003698                double2uint_shim
                0x1000369a                double2ufix_shim
 *fill*         0x100036a6        0x2 
 .text.double2uint64_shim
                0x100036a8       0x70 CMakeFiles/sherbylogger.dir/C_/Users/Alex/.pico-sdk/sdk/2.0.0/src/rp2_common/pico_double/double_v1_rom_shim_rp2040.S.obj
                0x100036a8                double2uint64_shim
                0x100036aa                double2ufix64_shim
                0x100036ca                d2fix_a
 .text.dunpacks
                0x10003718       0x3c CMakeFiles/sherbylogger.dir/C_/Users/Alex/.pico-sdk/sdk/2.0.0/src/rp2_common/pico_double/double_v1_rom_shim_rp2040.S.obj
                0x10003718                dunpacks
 .text.__aeabi_lmul
                0x10003754       0x32 CMakeFiles/sherbylogger.dir/C_/Users/Alex/.pico-sdk/sdk/2.0.0/src/rp2_common/pico_int64_ops/pico_int64_ops_aeabi.S.obj
                0x10003754                __wrap___aeabi_lmul
 *fill*         0x10003786        0x2 
 .text.__aeabi_float_init
                0x10003788       0x64 CMakeFiles/sherbylogger.dir/C_/Users/Alex/.pico-sdk/sdk/2.0.0/src/rp2_common/pico_float/float_init_rom_rp2040.c.obj
                0x10003788                __aeabi_float_init
 .text.float_table_shim_on_use_helper
                0x100037ec       0x2c CMakeFiles/sherbylogger.dir/C_/Users/Alex/.pico-sdk/sdk/2.0.0/src/rp2_common/pico_float/float_v1_rom_shim_rp2040.S.obj
                0x100037ec                float_table_shim_on_use_helper
 .text          0x10003818       0x10 CMakeFiles/sherbylogger.dir/C_/Users/Alex/.pico-sdk/sdk/2.0.0/src/rp2_common/pico_mem_ops/mem_ops_aeabi.S.obj
                0x10003818                __aeabi_mem_init
 .text.memset   0x10003828        0xc CMakeFiles/sherbylogger.dir/C_/Users/Alex/.pico-sdk/sdk/2.0.0/src/rp2_common/pico_mem_ops/mem_ops_aeabi.S.obj
                0x10003828                __wrap_memset
 .text.memcpy   0x10003834        0xc CMakeFiles/sherbylogger.dir/C_/Users/Alex/.pico-sdk/sdk/2.0.0/src/rp2_common/pico_mem_ops/mem_ops_aeabi.S.obj
                0x10003834                __wrap_memcpy
                0x10003834                __wrap___aeabi_memcpy
 .text._out_buffer
                0x10003840        0x8 CMakeFiles/sherbylogger.dir/C_/Users/Alex/.pico-sdk/sdk/2.0.0/src/rp2_common/pico_printf/printf.c.obj
 .text._out_null
                0x10003848        0x4 CMakeFiles/sherbylogger.dir/C_/Users/Alex/.pico-sdk/sdk/2.0.0/src/rp2_common/pico_printf/printf.c.obj
 .text._out_rev
                0x1000384c       0xac CMakeFiles/sherbylogger.dir/C_/Users/Alex/.pico-sdk/sdk/2.0.0/src/rp2_common/pico_printf/printf.c.obj
 .text._ntoa_format
                0x100038f8      0x250 CMakeFiles/sherbylogger.dir/C_/Users/Alex/.pico-sdk/sdk/2.0.0/src/rp2_common/pico_printf/printf.c.obj
 .text._out_char
                0x10003b48       0x10 CMakeFiles/sherbylogger.dir/C_/Users/Alex/.pico-sdk/sdk/2.0.0/src/rp2_common/pico_printf/printf.c.obj
 .text._out_fct
                0x10003b58       0x10 CMakeFiles/sherbylogger.dir/C_/Users/Alex/.pico-sdk/sdk/2.0.0/src/rp2_common/pico_printf/printf.c.obj
 .text._etoa    0x10003b68      0x464 CMakeFiles/sherbylogger.dir/C_/Users/Alex/.pico-sdk/sdk/2.0.0/src/rp2_common/pico_printf/printf.c.obj
 .text._ftoa    0x10003fcc      0x3c0 CMakeFiles/sherbylogger.dir/C_/Users/Alex/.pico-sdk/sdk/2.0.0/src/rp2_common/pico_printf/printf.c.obj
 .text._vsnprintf
                0x1000438c      0xbc8 CMakeFiles/sherbylogger.dir/C_/Users/Alex/.pico-sdk/sdk/2.0.0/src/rp2_common/pico_printf/printf.c.obj
 .text.__wrap_sprintf
                0x10004f54       0x2c CMakeFiles/sherbylogger.dir/C_/Users/Alex/.pico-sdk/sdk/2.0.0/src/rp2_common/pico_printf/printf.c.obj
                0x10004f54                __wrap_sprintf
 .text.vfctprintf
                0x10004f80       0x20 CMakeFiles/sherbylogger.dir/C_/Users/Alex/.pico-sdk/sdk/2.0.0/src/rp2_common/pico_printf/printf.c.obj
                0x10004f80                vfctprintf
 .text.weak_raw_vprintf
                0x10004fa0       0x30 CMakeFiles/sherbylogger.dir/C_/Users/Alex/.pico-sdk/sdk/2.0.0/src/rp2_common/pico_printf/printf.c.obj
                0x10004fa0                weak_raw_vprintf
 .text._exit    0x10004fd0        0x4 CMakeFiles/sherbylogger.dir/C_/Users/Alex/.pico-sdk/sdk/2.0.0/src/rp2_common/pico_clib_interface/newlib_interface.c.obj
                0x10004fd0                _exit
 .text.exit     0x10004fd4        0x8 CMakeFiles/sherbylogger.dir/C_/Users/Alex/.pico-sdk/sdk/2.0.0/src/rp2_common/pico_clib_interface/newlib_interface.c.obj
                0x10004fd4                exit
 .text.runtime_init
                0x10004fdc       0x2c CMakeFiles/sherbylogger.dir/C_/Users/Alex/.pico-sdk/sdk/2.0.0/src/rp2_common/pico_clib_interface/newlib_interface.c.obj
                0x10004fdc                runtime_init
 .text.stdio_out_chars_no_crlf
                0x10005008       0x10 CMakeFiles/sherbylogger.dir/C_/Users/Alex/.pico-sdk/sdk/2.0.0/src/rp2_common/pico_stdio/stdio.c.obj
 .text.stdio_out_chars_crlf
                0x10005018       0x94 CMakeFiles/sherbylogger.dir/C_/Users/Alex/.pico-sdk/sdk/2.0.0/src/rp2_common/pico_stdio/stdio.c.obj
 .text.stdio_buffered_printer
                0x100050ac       0x64 CMakeFiles/sherbylogger.dir/C_/Users/Alex/.pico-sdk/sdk/2.0.0/src/rp2_common/pico_stdio/stdio.c.obj
 .text.stdio_put_string
                0x10005110      0x100 CMakeFiles/sherbylogger.dir/C_/Users/Alex/.pico-sdk/sdk/2.0.0/src/rp2_common/pico_stdio/stdio.c.obj
                0x10005110                stdio_put_string
 .text.stdio_set_driver_enabled
                0x10005210       0x30 CMakeFiles/sherbylogger.dir/C_/Users/Alex/.pico-sdk/sdk/2.0.0/src/rp2_common/pico_stdio/stdio.c.obj
                0x10005210                stdio_set_driver_enabled
 .text.stdio_init_all
                0x10005240        0xc CMakeFiles/sherbylogger.dir/C_/Users/Alex/.pico-sdk/sdk/2.0.0/src/rp2_common/pico_stdio/stdio.c.obj
                0x10005240                stdio_init_all
 .text.__wrap_putchar
                0x1000524c       0x98 CMakeFiles/sherbylogger.dir/C_/Users/Alex/.pico-sdk/sdk/2.0.0/src/rp2_common/pico_stdio/stdio.c.obj
                0x1000524c                __wrap_putchar
                0x1000524c                stdio_putchar
 .text.__wrap_puts
                0x100052e4       0x3c CMakeFiles/sherbylogger.dir/C_/Users/Alex/.pico-sdk/sdk/2.0.0/src/rp2_common/pico_stdio/stdio.c.obj
                0x100052e4                stdio_puts
                0x100052e4                __wrap_puts
 .text.__wrap_vprintf
                0x10005320       0xd4 CMakeFiles/sherbylogger.dir/C_/Users/Alex/.pico-sdk/sdk/2.0.0/src/rp2_common/pico_stdio/stdio.c.obj
                0x10005320                stdio_vprintf
                0x10005320                __wrap_vprintf
 .text.__wrap_printf
                0x100053f4       0x18 CMakeFiles/sherbylogger.dir/C_/Users/Alex/.pico-sdk/sdk/2.0.0/src/rp2_common/pico_stdio/stdio.c.obj
                0x100053f4                __wrap_printf
                0x100053f4                stdio_printf
 .text.stdio_uart_out_chars
                0x1000540c       0x4c CMakeFiles/sherbylogger.dir/C_/Users/Alex/.pico-sdk/sdk/2.0.0/src/rp2_common/pico_stdio_uart/stdio_uart.c.obj
 .text.stdio_uart_in_chars
                0x10005458       0x90 CMakeFiles/sherbylogger.dir/C_/Users/Alex/.pico-sdk/sdk/2.0.0/src/rp2_common/pico_stdio_uart/stdio_uart.c.obj
                0x10005458                stdio_uart_in_chars
 .text.on_uart_rx
                0x100054e8       0x28 CMakeFiles/sherbylogger.dir/C_/Users/Alex/.pico-sdk/sdk/2.0.0/src/rp2_common/pico_stdio_uart/stdio_uart.c.obj
 .text.stdio_uart_out_flush
                0x10005510       0x10 CMakeFiles/sherbylogger.dir/C_/Users/Alex/.pico-sdk/sdk/2.0.0/src/rp2_common/pico_stdio_uart/stdio_uart.c.obj
 .text.stdio_uart_set_chars_available_callback
                0x10005520       0x8c CMakeFiles/sherbylogger.dir/C_/Users/Alex/.pico-sdk/sdk/2.0.0/src/rp2_common/pico_stdio_uart/stdio_uart.c.obj
 .text.stdio_uart_init
                0x100055ac       0x50 CMakeFiles/sherbylogger.dir/C_/Users/Alex/.pico-sdk/sdk/2.0.0/src/rp2_common/pico_stdio_uart/stdio_uart.c.obj
                0x100055ac                stdio_uart_init
 .text.startup.SystemInit
                0x100055fc       0x14 CMakeFiles/sherbylogger.dir/C_/Users/Alex/.pico-sdk/sdk/2.0.0/src/rp2_common/cmsis/stub/CMSIS/Device/RP2040/Source/system_RP2040.c.obj
                0x100055fc                SystemInit
 .text.memcmp   0x10005610       0x48 C:/Users/Alex/.pico-sdk/toolchain/13_2_Rel1/bin/../lib/gcc/arm-none-eabi/13.2.1/thumb/v6-m/nofp\libg.a(libc_a-memcmp.o)
                0x10005610                memcmp
 .text.strlen   0x10005658       0x5c C:/Users/Alex/.pico-sdk/toolchain/13_2_Rel1/bin/../lib/gcc/arm-none-eabi/13.2.1/thumb/v6-m/nofp\libg.a(libc_a-strlen-stub.o)
                0x10005658                strlen
 *(.fini)
 .fini          0x100056b4        0x4 C:/Users/Alex/.pico-sdk/toolchain/13_2_Rel1/bin/../lib/gcc/arm-none-eabi/13.2.1/thumb/v6-m/nofp/crti.o
                0x100056b4                _fini
 .fini.__stub   0x100056b8       0x40 linker stubs
 *crtbegin.o(.ctors)
 *crtbegin?.o(.ctors)
 *(EXCLUDE_FILE(*crtend.o *crtend?.o) .ctors)
 *(SORT_BY_NAME(.ctors.*))
 *(.ctors)
 *crtbegin.o(.dtors)
 *crtbegin?.o(.dtors)
 *(EXCLUDE_FILE(*crtend.o *crtend?.o) .dtors)
 *(SORT_BY_NAME(.dtors.*))
 *(.dtors)
                0x100056f8                        . = ALIGN (0x4)
                0x100056f8                        PROVIDE (__preinit_array_start = .)
 *(SORT_BY_NAME(.preinit_array.*))
 .preinit_array.00100
                0x100056f8        0x4 CMakeFiles/sherbylogger.dir/C_/Users/Alex/.pico-sdk/sdk/2.0.0/src/rp2_common/pico_runtime_init/runtime_init.c.obj
                0x100056f8                __pre_init_runtime_init_early_resets
 .preinit_array.00101
                0x100056fc        0x4 CMakeFiles/sherbylogger.dir/C_/Users/Alex/.pico-sdk/sdk/2.0.0/src/rp2_common/pico_runtime_init/runtime_init.c.obj
                0x100056fc                __pre_init_runtime_init_usb_power_down
 .preinit_array.00275
                0x10005700        0x4 CMakeFiles/sherbylogger.dir/C_/Users/Alex/.pico-sdk/sdk/2.0.0/src/rp2_common/pico_bit_ops/bit_ops_aeabi.S.obj
 .preinit_array.00300
                0x10005704        0x4 CMakeFiles/sherbylogger.dir/C_/Users/Alex/.pico-sdk/sdk/2.0.0/src/rp2_common/pico_mem_ops/mem_ops_aeabi.S.obj
 .preinit_array.00350
                0x10005708        0x4 CMakeFiles/sherbylogger.dir/C_/Users/Alex/.pico-sdk/sdk/2.0.0/src/rp2_common/pico_double/double_aeabi_rp2040.S.obj
 .preinit_array.00350
                0x1000570c        0x4 CMakeFiles/sherbylogger.dir/C_/Users/Alex/.pico-sdk/sdk/2.0.0/src/rp2_common/pico_float/float_aeabi_rp2040.S.obj
 .preinit_array.00500
                0x10005710        0x4 CMakeFiles/sherbylogger.dir/C_/Users/Alex/.pico-sdk/sdk/2.0.0/src/rp2_common/pico_runtime_init/runtime_init.c.obj
                0x10005710                __pre_init_runtime_init_clocks
 .preinit_array.00600
                0x10005714        0x4 CMakeFiles/sherbylogger.dir/C_/Users/Alex/.pico-sdk/sdk/2.0.0/src/rp2_common/pico_runtime_init/runtime_init.c.obj
                0x10005714                __pre_init_runtime_init_post_clock_resets
 .preinit_array.00700
                0x10005718        0x4 CMakeFiles/sherbylogger.dir/C_/Users/Alex/.pico-sdk/sdk/2.0.0/src/rp2_common/pico_runtime_init/runtime_init.c.obj
                0x10005718                __pre_init_runtime_init_rp2040_gpio_ie_disable
 .preinit_array.01000
                0x1000571c        0x4 CMakeFiles/sherbylogger.dir/C_/Users/Alex/.pico-sdk/sdk/2.0.0/src/rp2_common/pico_runtime_init/runtime_init.c.obj
                0x1000571c                __pre_init_runtime_init_spin_locks_reset
 .preinit_array.01100
                0x10005720        0x4 CMakeFiles/sherbylogger.dir/C_/Users/Alex/.pico-sdk/sdk/2.0.0/src/common/pico_sync/mutex.c.obj
                0x10005720                __pre_init_runtime_init_mutex
 .preinit_array.10080
                0x10005724        0x4 CMakeFiles/sherbylogger.dir/C_/Users/Alex/.pico-sdk/sdk/2.0.0/src/rp2_common/pico_runtime_init/runtime_init.c.obj
                0x10005724                __pre_init_runtime_init_install_ram_vector_table
 .preinit_array.11000
                0x10005728        0x4 CMakeFiles/sherbylogger.dir/C_/Users/Alex/.pico-sdk/sdk/2.0.0/src/common/pico_time/time.c.obj
                0x10005728                __pre_init_runtime_init_default_alarm_pool
 .preinit_array.YYYYY
                0x1000572c        0x4 CMakeFiles/sherbylogger.dir/C_/Users/Alex/.pico-sdk/sdk/2.0.0/src/rp2_common/pico_runtime/runtime.c.obj
                0x1000572c                __pre_init_first_per_core_initializer
 .preinit_array.ZZZZZ.01200
                0x10005730        0x4 CMakeFiles/sherbylogger.dir/C_/Users/Alex/.pico-sdk/sdk/2.0.0/src/rp2_common/hardware_irq/irq.c.obj
                0x10005730                __pre_init_runtime_init_per_core_irq_priorities
 *(.preinit_array)
                0x10005734                        PROVIDE (__preinit_array_end = .)
                0x10005734                        . = ALIGN (0x4)
                0x10005734                        PROVIDE (__init_array_start = .)
 *(SORT_BY_NAME(.init_array.*))
 *(.init_array)
 .init_array    0x10005734        0x4 C:/Users/Alex/.pico-sdk/toolchain/13_2_Rel1/bin/../lib/gcc/arm-none-eabi/13.2.1/thumb/v6-m/nofp/crtbegin.o
 .init_array    0x10005738        0x4 CMakeFiles/sherbylogger.dir/C_/Users/Alex/.pico-sdk/sdk/2.0.0/src/rp2_common/cmsis/stub/CMSIS/Device/RP2040/Source/system_RP2040.c.obj
                0x1000573c                        PROVIDE (__init_array_end = .)
                0x1000573c                        . = ALIGN (0x4)
                [!provide]                        PROVIDE (__fini_array_start = .)
 *(SORT_BY_NAME(.fini_array.*))
 *(.fini_array)
                [!provide]                        PROVIDE (__fini_array_end = .)
 *(.eh_frame*)
 .eh_frame      0x1000573c        0x0 C:/Users/Alex/.pico-sdk/toolchain/13_2_Rel1/bin/../lib/gcc/arm-none-eabi/13.2.1/thumb/v6-m/nofp/crtbegin.o
                0x1000573c                        . = ALIGN (0x4)

.glue_7         0x1000573c        0x0
 .glue_7        0x1000573c        0x0 linker stubs

.glue_7t        0x1000573c        0x0
 .glue_7t       0x1000573c        0x0 linker stubs

.vfp11_veneer   0x1000573c        0x0
 .vfp11_veneer  0x1000573c        0x0 linker stubs

.v4_bx          0x1000573c        0x0
 .v4_bx         0x1000573c        0x0 linker stubs

.iplt           0x1000573c        0x0
 .iplt          0x1000573c        0x0 C:/Users/Alex/.pico-sdk/toolchain/13_2_Rel1/bin/../lib/gcc/arm-none-eabi/13.2.1/thumb/v6-m/nofp/crtbegin.o

.rodata         0x10005740      0x708
 *(EXCLUDE_FILE(*libm.a: *libc.a:*lib_a-mem*.o *libgcc.a:) .rodata*)
 .rodata._ZL10can2040_cbP7can2040mP11can2040_msg.str1.4
                0x10005740      0x13c CMakeFiles/sherbylogger.dir/src/sherbylogger.cpp.obj
                                 0x11 (size before relaxing)
 .rodata.main.str1.4
                0x1000587c       0x62 CMakeFiles/sherbylogger.dir/src/sherbylogger.cpp.obj
 .rodata.m_Crc7Table
                0x1000587c      0x100 CMakeFiles/sherbylogger.dir/no-OS-FatFS-SD-SDIO-SPI-RPi-Pico-main/src/src/crc.c.obj
                0x1000587c                m_Crc7Table
 .rodata.can2040_pio_irq_handler
                0x1000597c       0x28 CMakeFiles/sherbylogger.dir/can2040/src/can2040.c.obj
 .rodata.crc_table
                0x100059a4      0x200 CMakeFiles/sherbylogger.dir/can2040/src/can2040.c.obj
 .rodata.can2040_program_instructions
                0x10005ba4       0x40 CMakeFiles/sherbylogger.dir/can2040/src/can2040.c.obj
 .rodata.panic.str1.4
                0x10005be4       0x12 CMakeFiles/sherbylogger.dir/C_/Users/Alex/.pico-sdk/sdk/2.0.0/src/rp2_common/pico_platform_panic/panic.c.obj
 .rodata.timer_hardware_alarm_claim.str1.4
                0x10005be4       0x22 CMakeFiles/sherbylogger.dir/C_/Users/Alex/.pico-sdk/sdk/2.0.0/src/rp2_common/hardware_timer/timer.c.obj
 .rodata.hard_assertion_failure.str1.4
                0x10005be4        0xc CMakeFiles/sherbylogger.dir/C_/Users/Alex/.pico-sdk/sdk/2.0.0/src/rp2_common/pico_runtime/runtime.c.obj
 .rodata.str1.4
                0x10005be4       0x38 CMakeFiles/sherbylogger.dir/C_/Users/Alex/.pico-sdk/sdk/2.0.0/src/rp2_common/pico_standard_binary_info/standard_binary_info.c.obj
 .rodata.__bi_84
                0x10005be4        0xc CMakeFiles/sherbylogger.dir/C_/Users/Alex/.pico-sdk/sdk/2.0.0/src/rp2_common/pico_standard_binary_info/standard_binary_info.c.obj
 .rodata.__bi_60
                0x10005bf0        0xc CMakeFiles/sherbylogger.dir/C_/Users/Alex/.pico-sdk/sdk/2.0.0/src/rp2_common/pico_standard_binary_info/standard_binary_info.c.obj
 .rodata.__bi_54
                0x10005bfc        0xc CMakeFiles/sherbylogger.dir/C_/Users/Alex/.pico-sdk/sdk/2.0.0/src/rp2_common/pico_standard_binary_info/standard_binary_info.c.obj
 .rodata.__bi_48
                0x10005c08        0xc CMakeFiles/sherbylogger.dir/C_/Users/Alex/.pico-sdk/sdk/2.0.0/src/rp2_common/pico_standard_binary_info/standard_binary_info.c.obj
 .rodata.__bi_42
                0x10005c14        0xc CMakeFiles/sherbylogger.dir/C_/Users/Alex/.pico-sdk/sdk/2.0.0/src/rp2_common/pico_standard_binary_info/standard_binary_info.c.obj
 .rodata.__bi_34
                0x10005c20        0xc CMakeFiles/sherbylogger.dir/C_/Users/Alex/.pico-sdk/sdk/2.0.0/src/rp2_common/pico_standard_binary_info/standard_binary_info.c.obj
 .rodata.__bi_26
                0x10005c2c        0xc CMakeFiles/sherbylogger.dir/C_/Users/Alex/.pico-sdk/sdk/2.0.0/src/rp2_common/pico_standard_binary_info/standard_binary_info.c.obj
 .rodata._ftoa.str1.4
                0x10005c38       0x15 CMakeFiles/sherbylogger.dir/C_/Users/Alex/.pico-sdk/sdk/2.0.0/src/rp2_common/pico_printf/printf.c.obj
 .rodata._vsnprintf
                0x10005c38      0x19c CMakeFiles/sherbylogger.dir/C_/Users/Alex/.pico-sdk/sdk/2.0.0/src/rp2_common/pico_printf/printf.c.obj
 *fill*         0x10005dd4        0x4 
 .rodata.pow10.0
                0x10005dd8       0x50 CMakeFiles/sherbylogger.dir/C_/Users/Alex/.pico-sdk/sdk/2.0.0/src/rp2_common/pico_printf/printf.c.obj
 .rodata.crlf_str.0
                0x10005e28        0x2 CMakeFiles/sherbylogger.dir/C_/Users/Alex/.pico-sdk/sdk/2.0.0/src/rp2_common/pico_stdio/stdio.c.obj
 .rodata.str1.4
                0x10005e2a       0x2c CMakeFiles/sherbylogger.dir/C_/Users/Alex/.pico-sdk/sdk/2.0.0/src/rp2_common/pico_stdio_uart/stdio_uart.c.obj
 *fill*         0x10005e2a        0x2 
 .rodata.__bi_45.4
                0x10005e2c        0xc CMakeFiles/sherbylogger.dir/C_/Users/Alex/.pico-sdk/sdk/2.0.0/src/rp2_common/pico_stdio_uart/stdio_uart.c.obj
 .rodata.__bi_49.5
                0x10005e38        0x8 CMakeFiles/sherbylogger.dir/C_/Users/Alex/.pico-sdk/sdk/2.0.0/src/rp2_common/pico_stdio_uart/stdio_uart.c.obj
 .rodata.__bi_50.6
                0x10005e40        0x8 CMakeFiles/sherbylogger.dir/C_/Users/Alex/.pico-sdk/sdk/2.0.0/src/rp2_common/pico_stdio_uart/stdio_uart.c.obj
                0x10005e48                        . = ALIGN (0x4)
 *(SORT_BY_ALIGNMENT(SORT_BY_NAME(.flashdata*)))
                0x10005e48                        . = ALIGN (0x4)

.ARM.extab
 *(.ARM.extab* .gnu.linkonce.armextab.*)
                0x10005e48                        __exidx_start = .

.ARM.exidx
 *(.ARM.exidx* .gnu.linkonce.armexidx.*)
                0x10005e48                        __exidx_end = .
                0x10005e48                        . = ALIGN (0x4)
                0x10005e48                        __binary_info_start = .

.binary_info    0x10005e48       0x28
 *(.binary_info.keep.*)
 .binary_info.keep.__bi_ptr84
                0x10005e48        0x4 CMakeFiles/sherbylogger.dir/C_/Users/Alex/.pico-sdk/sdk/2.0.0/src/rp2_common/pico_standard_binary_info/standard_binary_info.c.obj
 .binary_info.keep.__bi_ptr60
                0x10005e4c        0x4 CMakeFiles/sherbylogger.dir/C_/Users/Alex/.pico-sdk/sdk/2.0.0/src/rp2_common/pico_standard_binary_info/standard_binary_info.c.obj
 .binary_info.keep.__bi_ptr54
                0x10005e50        0x4 CMakeFiles/sherbylogger.dir/C_/Users/Alex/.pico-sdk/sdk/2.0.0/src/rp2_common/pico_standard_binary_info/standard_binary_info.c.obj
 .binary_info.keep.__bi_ptr48
                0x10005e54        0x4 CMakeFiles/sherbylogger.dir/C_/Users/Alex/.pico-sdk/sdk/2.0.0/src/rp2_common/pico_standard_binary_info/standard_binary_info.c.obj
 .binary_info.keep.__bi_ptr42
                0x10005e58        0x4 CMakeFiles/sherbylogger.dir/C_/Users/Alex/.pico-sdk/sdk/2.0.0/src/rp2_common/pico_standard_binary_info/standard_binary_info.c.obj
 .binary_info.keep.__bi_ptr34
                0x10005e5c        0x4 CMakeFiles/sherbylogger.dir/C_/Users/Alex/.pico-sdk/sdk/2.0.0/src/rp2_common/pico_standard_binary_info/standard_binary_info.c.obj
 .binary_info.keep.__bi_ptr26
                0x10005e60        0x4 CMakeFiles/sherbylogger.dir/C_/Users/Alex/.pico-sdk/sdk/2.0.0/src/rp2_common/pico_standard_binary_info/standard_binary_info.c.obj
 *(.binary_info.*)
 .binary_info.__bi_ptr50
                0x10005e64        0x4 CMakeFiles/sherbylogger.dir/C_/Users/Alex/.pico-sdk/sdk/2.0.0/src/rp2_common/pico_stdio_uart/stdio_uart.c.obj
 .binary_info.__bi_ptr49
                0x10005e68        0x4 CMakeFiles/sherbylogger.dir/C_/Users/Alex/.pico-sdk/sdk/2.0.0/src/rp2_common/pico_stdio_uart/stdio_uart.c.obj
 .binary_info.__bi_ptr45
                0x10005e6c        0x4 CMakeFiles/sherbylogger.dir/C_/Users/Alex/.pico-sdk/sdk/2.0.0/src/rp2_common/pico_stdio_uart/stdio_uart.c.obj
                0x10005e70                        __binary_info_end = .

.rel.dyn        0x10005e70        0x0
 .rel.iplt      0x10005e70        0x0 C:/Users/Alex/.pico-sdk/toolchain/13_2_Rel1/bin/../lib/gcc/arm-none-eabi/13.2.1/thumb/v6-m/nofp/crtbegin.o
                0x10005e70                        . = ALIGN (0x4)

.ram_vector_table
                0x20000000       0xc0
 *(.ram_vector_table)
 .ram_vector_table
                0x20000000       0xc0 CMakeFiles/sherbylogger.dir/C_/Users/Alex/.pico-sdk/sdk/2.0.0/src/rp2_common/pico_runtime_init/runtime_init.c.obj
                0x20000000                ram_vector_table

.uninitialized_data
                0x200000c0       0x78
                0x200000c0                        . = ALIGN (0x4)
 *(.uninitialized_data*)
 .uninitialized_data
                0x200000c0       0x78 CMakeFiles/sherbylogger.dir/no-OS-FatFS-SD-SDIO-SPI-RPi-Pico-main/src/src/crash.c.obj

.data           0x20000140      0x190 load address 0x10005e70
                0x20000140                        __data_start__ = .
 *(vtable)
 *(.time_critical*)
 .time_critical.mutex_try_enter_block_until
                0x20000140       0x9c CMakeFiles/sherbylogger.dir/C_/Users/Alex/.pico-sdk/sdk/2.0.0/src/common/pico_sync/mutex.c.obj
                0x20000140                mutex_try_enter_block_until
 .time_critical.mutex_exit
                0x200001dc       0x28 CMakeFiles/sherbylogger.dir/C_/Users/Alex/.pico-sdk/sdk/2.0.0/src/common/pico_sync/mutex.c.obj
                0x200001dc                mutex_exit
 *(.text*)
 .text          0x20000204        0x4 C:/Users/Alex/.pico-sdk/toolchain/13_2_Rel1/bin/../lib/gcc/arm-none-eabi/13.2.1/thumb/v6-m/nofp\libgcc.a(_dvmd_tls.o)
                0x20000204                __aeabi_idiv0
                0x20000204                __aeabi_ldiv0
 .text.__stub   0x20000208       0x10 linker stubs
                0x20000218                        . = ALIGN (0x4)
 *(.rodata*)
                0x20000218                        . = ALIGN (0x4)
 *(.data*)
 .data.striped_spin_lock_num
                0x20000218        0x1 CMakeFiles/sherbylogger.dir/C_/Users/Alex/.pico-sdk/sdk/2.0.0/src/rp2_common/hardware_sync/sync.c.obj
 *fill*         0x20000219        0x3 
 .data          0x2000021c       0x48 CMakeFiles/sherbylogger.dir/C_/Users/Alex/.pico-sdk/sdk/2.0.0/src/rp2_common/hardware_irq/irq_handler_chain.S.obj
                0x2000021c                irq_handler_chain_slots
                0x2000024c                irq_handler_chain_first_slot
                0x20000256                irq_handler_chain_remove_tail
 .data.default_alarm_pool
                0x20000264       0x18 CMakeFiles/sherbylogger.dir/C_/Users/Alex/.pico-sdk/sdk/2.0.0/src/common/pico_time/time.c.obj
 *fill*         0x2000027c        0x4 
 .data.aeabi_bits_funcs
                0x20000280       0x10 CMakeFiles/sherbylogger.dir/C_/Users/Alex/.pico-sdk/sdk/2.0.0/src/rp2_common/pico_bit_ops/bit_ops_aeabi.S.obj
                0x20000280                aeabi_bits_funcs
                0x20000290                aeabi_bits_funcs_end
 .data.aeabi_mem_funcs
                0x20000290       0x10 CMakeFiles/sherbylogger.dir/C_/Users/Alex/.pico-sdk/sdk/2.0.0/src/rp2_common/pico_mem_ops/mem_ops_aeabi.S.obj
                0x20000290                aeabi_mem_funcs
                0x200002a0                aeabi_mem_funcs_end
 .data.stdio_uart
                0x200002a0       0x18 CMakeFiles/sherbylogger.dir/C_/Users/Alex/.pico-sdk/sdk/2.0.0/src/rp2_common/pico_stdio_uart/stdio_uart.c.obj
                0x200002a0                stdio_uart
                0x200002b8                        . = ALIGN (0x4)
 *(.after_data.*)
                0x200002b8                        . = ALIGN (0x4)
                0x200002b8                        PROVIDE (__mutex_array_start = .)
 *(SORT_BY_NAME(.mutex_array.*))
 *(.mutex_array)
 .mutex_array   0x200002b8        0x8 CMakeFiles/sherbylogger.dir/no-OS-FatFS-SD-SDIO-SPI-RPi-Pico-main/src/sd_driver/sd_card.c.obj
 .mutex_array   0x200002c0        0x8 CMakeFiles/sherbylogger.dir/no-OS-FatFS-SD-SDIO-SPI-RPi-Pico-main/src/sd_driver/SPI/my_spi.c.obj
 .mutex_array   0x200002c8        0x8 CMakeFiles/sherbylogger.dir/C_/Users/Alex/.pico-sdk/sdk/2.0.0/src/rp2_common/pico_stdio/stdio.c.obj
                0x200002d0                        PROVIDE (__mutex_array_end = .)
                0x200002d0                        . = ALIGN (0x4)
 *(.jcr)
                0x200002d0                        . = ALIGN (0x4)

.tm_clone_table
                0x200002d0        0x0 load address 0x10006000
 .tm_clone_table
                0x200002d0        0x0 C:/Users/Alex/.pico-sdk/toolchain/13_2_Rel1/bin/../lib/gcc/arm-none-eabi/13.2.1/thumb/v6-m/nofp/crtbegin.o
 .tm_clone_table
                0x200002d0        0x0 C:/Users/Alex/.pico-sdk/toolchain/13_2_Rel1/bin/../lib/gcc/arm-none-eabi/13.2.1/thumb/v6-m/nofp/crtend.o

.igot.plt       0x200002d0        0x0 load address 0x10006000
 .igot.plt      0x200002d0        0x0 C:/Users/Alex/.pico-sdk/toolchain/13_2_Rel1/bin/../lib/gcc/arm-none-eabi/13.2.1/thumb/v6-m/nofp/crtbegin.o

.tdata          0x200002d0        0x0 load address 0x10006000
                0x200002d0                        . = ALIGN (0x4)
 *(.tdata .tdata.* .gnu.linkonce.td.*)
                0x200002d0                        __tdata_end = .
                0x200002d0                        PROVIDE (__data_end__ = .)
                0x10005e70                        __etext = LOADADDR (.data)

.tbss           0x200002d0        0x0 load address 0x10006000
                0x200002d0                        . = ALIGN (0x4)
                0x200002d0                        __bss_start__ = .
                0x200002d0                        __tls_base = .
 *(.tbss .tbss.* .gnu.linkonce.tb.*)
 *(.tcommon)
                0x200002d0                        __tls_end = .

.bss            0x200002d0      0x540 load address 0x10006000
                0x200002d0                        . = ALIGN (0x4)
                0x200002d0                        __tbss_end = .
 *(SORT_BY_ALIGNMENT(SORT_BY_NAME(.bss*)))
 .bss.default_alarm_pool_entries
                0x200002d0      0x180 CMakeFiles/sherbylogger.dir/C_/Users/Alex/.pico-sdk/sdk/2.0.0/src/common/pico_time/time.c.obj
 .bss.epochtime
                0x20000450        0x8 CMakeFiles/sherbylogger.dir/no-OS-FatFS-SD-SDIO-SPI-RPi-Pico-main/src/src/my_rtc.c.obj
                0x20000450                epochtime
 .bss.sd_table  0x20000458      0x100 CMakeFiles/sherbylogger.dir/C_/Users/Alex/.pico-sdk/sdk/2.0.0/src/rp2_common/pico_double/double_init_rom_rp2040.c.obj
                0x20000458                sd_table
 .bss.sf_table  0x20000558      0x100 CMakeFiles/sherbylogger.dir/C_/Users/Alex/.pico-sdk/sdk/2.0.0/src/rp2_common/pico_float/float_init_rom_rp2040.c.obj
                0x20000558                sf_table
 .bss.SystemCoreClock
                0x20000658        0x4 CMakeFiles/sherbylogger.dir/C_/Users/Alex/.pico-sdk/sdk/2.0.0/src/rp2_common/cmsis/stub/CMSIS/Device/RP2040/Source/system_RP2040.c.obj
                0x20000658                SystemCoreClock
 .bss._ZL4cbus  0x2000065c      0x118 CMakeFiles/sherbylogger.dir/src/sherbylogger.cpp.obj
 .bss._ZL5stats
                0x20000774       0x10 CMakeFiles/sherbylogger.dir/src/sherbylogger.cpp.obj
 .bss._ZL7can_msg
                0x20000784       0x10 CMakeFiles/sherbylogger.dir/src/sherbylogger.cpp.obj
 .bss.chars_available_callback
                0x20000794        0x4 CMakeFiles/sherbylogger.dir/C_/Users/Alex/.pico-sdk/sdk/2.0.0/src/rp2_common/pico_stdio_uart/stdio_uart.c.obj
 .bss.chars_available_param
                0x20000798        0x4 CMakeFiles/sherbylogger.dir/C_/Users/Alex/.pico-sdk/sdk/2.0.0/src/rp2_common/pico_stdio_uart/stdio_uart.c.obj
 .bss.claimed   0x2000079c        0x1 CMakeFiles/sherbylogger.dir/C_/Users/Alex/.pico-sdk/sdk/2.0.0/src/rp2_common/hardware_timer/timer.c.obj
 *fill*         0x2000079d        0x3 
 .bss.configured_freq
                0x200007a0       0x28 CMakeFiles/sherbylogger.dir/C_/Users/Alex/.pico-sdk/sdk/2.0.0/src/rp2_common/hardware_clocks/clocks.c.obj
 .bss.drivers   0x200007c8        0x4 CMakeFiles/sherbylogger.dir/C_/Users/Alex/.pico-sdk/sdk/2.0.0/src/rp2_common/pico_stdio/stdio.c.obj
 .bss.filter    0x200007cc        0x4 CMakeFiles/sherbylogger.dir/C_/Users/Alex/.pico-sdk/sdk/2.0.0/src/rp2_common/pico_stdio/stdio.c.obj
 .bss.lazy_vsnprintf
                0x200007d0        0x4 CMakeFiles/sherbylogger.dir/C_/Users/Alex/.pico-sdk/sdk/2.0.0/src/rp2_common/pico_printf/printf.c.obj
 .bss.object.0  0x200007d4       0x18 C:/Users/Alex/.pico-sdk/toolchain/13_2_Rel1/bin/../lib/gcc/arm-none-eabi/13.2.1/thumb/v6-m/nofp/crtbegin.o
 .bss.pools     0x200007ec       0x10 CMakeFiles/sherbylogger.dir/C_/Users/Alex/.pico-sdk/sdk/2.0.0/src/common/pico_time/time.c.obj
 .bss.sf_clz_func
                0x200007fc        0x4 CMakeFiles/sherbylogger.dir/C_/Users/Alex/.pico-sdk/sdk/2.0.0/src/rp2_common/pico_double/double_init_rom_rp2040.c.obj
                0x200007fc                sf_clz_func
 .bss.sleep_notifier
                0x20000800        0x4 CMakeFiles/sherbylogger.dir/C_/Users/Alex/.pico-sdk/sdk/2.0.0/src/common/pico_time/time.c.obj
 .bss.uart_char_to_line_feed
                0x20000804        0x4 CMakeFiles/sherbylogger.dir/C_/Users/Alex/.pico-sdk/sdk/2.0.0/src/rp2_common/hardware_uart/uart.c.obj
                0x20000804                uart_char_to_line_feed
 .bss.uart_instance
                0x20000808        0x4 CMakeFiles/sherbylogger.dir/C_/Users/Alex/.pico-sdk/sdk/2.0.0/src/rp2_common/pico_stdio_uart/stdio_uart.c.obj
 .bss.irq_handler_chain_free_slot_head
                0x2000080c        0x1 CMakeFiles/sherbylogger.dir/C_/Users/Alex/.pico-sdk/sdk/2.0.0/src/rp2_common/hardware_irq/irq.c.obj
 *(COMMON)
                0x20000810                        . = ALIGN (0x4)
 *fill*         0x2000080d        0x3 
                0x20000810                        __bss_end__ = .

.heap           0x20000810    0x3f7f0 load address 0x10006000
                0x20000810                        __end__ = .
                0x20000810                        end = __end__
 *(.heap*)
 .heap          0x20000810      0x800 CMakeFiles/sherbylogger.dir/C_/Users/Alex/.pico-sdk/sdk/2.0.0/src/rp2_common/pico_crt0/crt0.S.obj
                0x20040000                        . = (ORIGIN (RAM) + LENGTH (RAM))
 *fill*         0x20001010    0x3eff0 
                0x20040000                        __HeapLimit = .

.scratch_x      0x20040000        0x0 load address 0x10006000
                0x20040000                        __scratch_x_start__ = .
 *(.scratch_x.*)
                0x20040000                        . = ALIGN (0x4)
                0x20040000                        __scratch_x_end__ = .
                0x10006000                        __scratch_x_source__ = LOADADDR (.scratch_x)

.scratch_y      0x20041000        0x0 load address 0x10006000
                0x20041000                        __scratch_y_start__ = .
 *(.scratch_y.*)
                0x20041000                        . = ALIGN (0x4)
                0x20041000                        __scratch_y_end__ = .
                0x10006000                        __scratch_y_source__ = LOADADDR (.scratch_y)

.stack1_dummy
 *(.stack1*)

.stack_dummy    0x20041000      0x800
 *(.stack*)
 .stack         0x20041000      0x800 CMakeFiles/sherbylogger.dir/C_/Users/Alex/.pico-sdk/sdk/2.0.0/src/rp2_common/pico_crt0/crt0.S.obj

.flash_end      0x10006000        0x0
 *(.embedded_end_block*)
                0x10006000                        PROVIDE (__flash_binary_end = .)
                0x20040000                        __StackLimit = (ORIGIN (RAM) + LENGTH (RAM))
                0x20041000                        __StackOneTop = (ORIGIN (SCRATCH_X) + LENGTH (SCRATCH_X))
                0x20042000                        __StackTop = (ORIGIN (SCRATCH_Y) + LENGTH (SCRATCH_Y))
                0x20041000                        __StackOneBottom = (__StackOneTop - SIZEOF (.stack1_dummy))
                0x20041800                        __StackBottom = (__StackTop - SIZEOF (.stack_dummy))
                0x20042000                        PROVIDE (__stack = __StackTop)
                [!provide]                        PROVIDE (__heap_start = __end__)
                [!provide]                        PROVIDE (__heap_end = __HeapLimit)
                [!provide]                        PROVIDE (__tls_align = MAX (ALIGNOF (.tdata), ALIGNOF (.tbss)))
                [!provide]                        PROVIDE (__tls_size_align = (((__tls_size + __tls_align) - 0x1) & ~ ((__tls_align - 0x1))))
                [!provide]                        PROVIDE (__arm32_tls_tcb_offset = MAX (0x8, __tls_align))
                [!provide]                        PROVIDE (_end = __end__)
                [!provide]                        PROVIDE (__llvm_libc_heap_limit = __HeapLimit)
                0x00000001                        ASSERT ((__StackLimit >= __HeapLimit), region RAM overflowed)
                0x00000001                        ASSERT (((__binary_info_header_end - __logical_binary_start) <= 0x100), Binary info must be in first 256 bytes of the binary)
LOAD CMakeFiles/sherbylogger.dir/src/sherbylogger.cpp.obj
LOAD CMakeFiles/sherbylogger.dir/src/HAL/MAX11605_HAL.cpp.obj
LOAD CMakeFiles/sherbylogger.dir/src/hw_config.c.obj
LOAD CMakeFiles/sherbylogger.dir/no-OS-FatFS-SD-SDIO-SPI-RPi-Pico-main/src/ff15/source/ff.c.obj
LOAD CMakeFiles/sherbylogger.dir/no-OS-FatFS-SD-SDIO-SPI-RPi-Pico-main/src/ff15/source/ffsystem.c.obj
LOAD CMakeFiles/sherbylogger.dir/no-OS-FatFS-SD-SDIO-SPI-RPi-Pico-main/src/ff15/source/ffunicode.c.obj
LOAD CMakeFiles/sherbylogger.dir/no-OS-FatFS-SD-SDIO-SPI-RPi-Pico-main/src/sd_driver/dma_interrupts.c.obj
LOAD CMakeFiles/sherbylogger.dir/no-OS-FatFS-SD-SDIO-SPI-RPi-Pico-main/src/sd_driver/sd_card.c.obj
LOAD CMakeFiles/sherbylogger.dir/no-OS-FatFS-SD-SDIO-SPI-RPi-Pico-main/src/sd_driver/SDIO/rp2040_sdio.c.obj
LOAD CMakeFiles/sherbylogger.dir/no-OS-FatFS-SD-SDIO-SPI-RPi-Pico-main/src/sd_driver/SDIO/sd_card_sdio.c.obj
LOAD CMakeFiles/sherbylogger.dir/no-OS-FatFS-SD-SDIO-SPI-RPi-Pico-main/src/sd_driver/SPI/my_spi.c.obj
LOAD CMakeFiles/sherbylogger.dir/no-OS-FatFS-SD-SDIO-SPI-RPi-Pico-main/src/sd_driver/SPI/sd_card_spi.c.obj
LOAD CMakeFiles/sherbylogger.dir/no-OS-FatFS-SD-SDIO-SPI-RPi-Pico-main/src/sd_driver/SPI/sd_spi.c.obj
LOAD CMakeFiles/sherbylogger.dir/no-OS-FatFS-SD-SDIO-SPI-RPi-Pico-main/src/src/crash.c.obj
LOAD CMakeFiles/sherbylogger.dir/no-OS-FatFS-SD-SDIO-SPI-RPi-Pico-main/src/src/crc.c.obj
LOAD CMakeFiles/sherbylogger.dir/no-OS-FatFS-SD-SDIO-SPI-RPi-Pico-main/src/src/f_util.c.obj
LOAD CMakeFiles/sherbylogger.dir/no-OS-FatFS-SD-SDIO-SPI-RPi-Pico-main/src/src/ff_stdio.c.obj
LOAD CMakeFiles/sherbylogger.dir/no-OS-FatFS-SD-SDIO-SPI-RPi-Pico-main/src/src/file_stream.c.obj
LOAD CMakeFiles/sherbylogger.dir/no-OS-FatFS-SD-SDIO-SPI-RPi-Pico-main/src/src/glue.c.obj
LOAD CMakeFiles/sherbylogger.dir/no-OS-FatFS-SD-SDIO-SPI-RPi-Pico-main/src/src/my_debug.c.obj
LOAD CMakeFiles/sherbylogger.dir/no-OS-FatFS-SD-SDIO-SPI-RPi-Pico-main/src/src/my_rtc.c.obj
LOAD CMakeFiles/sherbylogger.dir/no-OS-FatFS-SD-SDIO-SPI-RPi-Pico-main/src/src/sd_timeouts.c.obj
LOAD CMakeFiles/sherbylogger.dir/no-OS-FatFS-SD-SDIO-SPI-RPi-Pico-main/src/src/util.c.obj
LOAD CMakeFiles/sherbylogger.dir/can2040/src/can2040.c.obj
LOAD CMakeFiles/sherbylogger.dir/C_/Users/Alex/.pico-sdk/sdk/2.0.0/src/rp2_common/pico_stdlib/stdlib.c.obj
LOAD CMakeFiles/sherbylogger.dir/C_/Users/Alex/.pico-sdk/sdk/2.0.0/src/rp2_common/hardware_gpio/gpio.c.obj
LOAD CMakeFiles/sherbylogger.dir/C_/Users/Alex/.pico-sdk/sdk/2.0.0/src/rp2040/pico_platform/platform.c.obj
LOAD CMakeFiles/sherbylogger.dir/C_/Users/Alex/.pico-sdk/sdk/2.0.0/src/rp2_common/pico_platform_panic/panic.c.obj
LOAD CMakeFiles/sherbylogger.dir/C_/Users/Alex/.pico-sdk/sdk/2.0.0/src/common/hardware_claim/claim.c.obj
LOAD CMakeFiles/sherbylogger.dir/C_/Users/Alex/.pico-sdk/sdk/2.0.0/src/rp2_common/hardware_sync/sync.c.obj
LOAD CMakeFiles/sherbylogger.dir/C_/Users/Alex/.pico-sdk/sdk/2.0.0/src/rp2_common/hardware_sync_spin_lock/sync_spin_lock.c.obj
LOAD CMakeFiles/sherbylogger.dir/C_/Users/Alex/.pico-sdk/sdk/2.0.0/src/rp2_common/hardware_irq/irq.c.obj
LOAD CMakeFiles/sherbylogger.dir/C_/Users/Alex/.pico-sdk/sdk/2.0.0/src/rp2_common/hardware_irq/irq_handler_chain.S.obj
LOAD CMakeFiles/sherbylogger.dir/C_/Users/Alex/.pico-sdk/sdk/2.0.0/src/common/pico_sync/sem.c.obj
LOAD CMakeFiles/sherbylogger.dir/C_/Users/Alex/.pico-sdk/sdk/2.0.0/src/common/pico_sync/lock_core.c.obj
LOAD CMakeFiles/sherbylogger.dir/C_/Users/Alex/.pico-sdk/sdk/2.0.0/src/common/pico_sync/mutex.c.obj
LOAD CMakeFiles/sherbylogger.dir/C_/Users/Alex/.pico-sdk/sdk/2.0.0/src/common/pico_sync/critical_section.c.obj
LOAD CMakeFiles/sherbylogger.dir/C_/Users/Alex/.pico-sdk/sdk/2.0.0/src/common/pico_time/time.c.obj
LOAD CMakeFiles/sherbylogger.dir/C_/Users/Alex/.pico-sdk/sdk/2.0.0/src/common/pico_time/timeout_helper.c.obj
LOAD CMakeFiles/sherbylogger.dir/C_/Users/Alex/.pico-sdk/sdk/2.0.0/src/rp2_common/hardware_timer/timer.c.obj
LOAD CMakeFiles/sherbylogger.dir/C_/Users/Alex/.pico-sdk/sdk/2.0.0/src/common/pico_util/datetime.c.obj
LOAD CMakeFiles/sherbylogger.dir/C_/Users/Alex/.pico-sdk/sdk/2.0.0/src/common/pico_util/pheap.c.obj
LOAD CMakeFiles/sherbylogger.dir/C_/Users/Alex/.pico-sdk/sdk/2.0.0/src/common/pico_util/queue.c.obj
LOAD CMakeFiles/sherbylogger.dir/C_/Users/Alex/.pico-sdk/sdk/2.0.0/src/rp2_common/hardware_uart/uart.c.obj
LOAD CMakeFiles/sherbylogger.dir/C_/Users/Alex/.pico-sdk/sdk/2.0.0/src/rp2_common/hardware_clocks/clocks.c.obj
LOAD CMakeFiles/sherbylogger.dir/C_/Users/Alex/.pico-sdk/sdk/2.0.0/src/rp2_common/hardware_pll/pll.c.obj
LOAD CMakeFiles/sherbylogger.dir/C_/Users/Alex/.pico-sdk/sdk/2.0.0/src/rp2_common/hardware_vreg/vreg.c.obj
LOAD CMakeFiles/sherbylogger.dir/C_/Users/Alex/.pico-sdk/sdk/2.0.0/src/rp2_common/hardware_watchdog/watchdog.c.obj
LOAD CMakeFiles/sherbylogger.dir/C_/Users/Alex/.pico-sdk/sdk/2.0.0/src/rp2_common/hardware_ticks/ticks.c.obj
LOAD CMakeFiles/sherbylogger.dir/C_/Users/Alex/.pico-sdk/sdk/2.0.0/src/rp2_common/hardware_xosc/xosc.c.obj
LOAD CMakeFiles/sherbylogger.dir/C_/Users/Alex/.pico-sdk/sdk/2.0.0/src/rp2_common/hardware_divider/divider.S.obj
LOAD CMakeFiles/sherbylogger.dir/C_/Users/Alex/.pico-sdk/sdk/2.0.0/src/rp2_common/pico_runtime/runtime.c.obj
LOAD CMakeFiles/sherbylogger.dir/C_/Users/Alex/.pico-sdk/sdk/2.0.0/src/rp2_common/pico_runtime_init/runtime_init.c.obj
LOAD CMakeFiles/sherbylogger.dir/C_/Users/Alex/.pico-sdk/sdk/2.0.0/src/rp2_common/pico_runtime_init/runtime_init_clocks.c.obj
LOAD CMakeFiles/sherbylogger.dir/C_/Users/Alex/.pico-sdk/sdk/2.0.0/src/rp2_common/pico_runtime_init/runtime_init_stack_guard.c.obj
LOAD CMakeFiles/sherbylogger.dir/C_/Users/Alex/.pico-sdk/sdk/2.0.0/src/rp2_common/pico_bit_ops/bit_ops_aeabi.S.obj
LOAD CMakeFiles/sherbylogger.dir/C_/Users/Alex/.pico-sdk/sdk/2.0.0/src/rp2_common/pico_bootrom/bootrom.c.obj
LOAD CMakeFiles/sherbylogger.dir/C_/Users/Alex/.pico-sdk/sdk/2.0.0/src/rp2_common/pico_bootrom/bootrom_lock.c.obj
LOAD CMakeFiles/sherbylogger.dir/C_/Users/Alex/.pico-sdk/sdk/2.0.0/src/rp2_common/hardware_boot_lock/boot_lock.c.obj
LOAD CMakeFiles/sherbylogger.dir/C_/Users/Alex/.pico-sdk/sdk/2.0.0/src/rp2_common/pico_divider/divider_hardware.S.obj
LOAD CMakeFiles/sherbylogger.dir/C_/Users/Alex/.pico-sdk/sdk/2.0.0/src/rp2_common/pico_double/double_aeabi_rp2040.S.obj
LOAD CMakeFiles/sherbylogger.dir/C_/Users/Alex/.pico-sdk/sdk/2.0.0/src/rp2_common/pico_double/double_init_rom_rp2040.c.obj
LOAD CMakeFiles/sherbylogger.dir/C_/Users/Alex/.pico-sdk/sdk/2.0.0/src/rp2_common/pico_double/double_math.c.obj
LOAD CMakeFiles/sherbylogger.dir/C_/Users/Alex/.pico-sdk/sdk/2.0.0/src/rp2_common/pico_double/double_v1_rom_shim_rp2040.S.obj
LOAD CMakeFiles/sherbylogger.dir/C_/Users/Alex/.pico-sdk/sdk/2.0.0/src/rp2_common/pico_int64_ops/pico_int64_ops_aeabi.S.obj
LOAD CMakeFiles/sherbylogger.dir/C_/Users/Alex/.pico-sdk/sdk/2.0.0/src/rp2_common/pico_float/float_aeabi_rp2040.S.obj
LOAD CMakeFiles/sherbylogger.dir/C_/Users/Alex/.pico-sdk/sdk/2.0.0/src/rp2_common/pico_float/float_init_rom_rp2040.c.obj
LOAD CMakeFiles/sherbylogger.dir/C_/Users/Alex/.pico-sdk/sdk/2.0.0/src/rp2_common/pico_float/float_math.c.obj
LOAD CMakeFiles/sherbylogger.dir/C_/Users/Alex/.pico-sdk/sdk/2.0.0/src/rp2_common/pico_float/float_v1_rom_shim_rp2040.S.obj
LOAD CMakeFiles/sherbylogger.dir/C_/Users/Alex/.pico-sdk/sdk/2.0.0/src/rp2_common/pico_malloc/malloc.c.obj
LOAD CMakeFiles/sherbylogger.dir/C_/Users/Alex/.pico-sdk/sdk/2.0.0/src/rp2_common/pico_mem_ops/mem_ops_aeabi.S.obj
LOAD CMakeFiles/sherbylogger.dir/C_/Users/Alex/.pico-sdk/sdk/2.0.0/src/rp2_common/pico_atomic/atomic.c.obj
LOAD CMakeFiles/sherbylogger.dir/C_/Users/Alex/.pico-sdk/sdk/2.0.0/src/rp2_common/pico_cxx_options/new_delete.cpp.obj
LOAD CMakeFiles/sherbylogger.dir/C_/Users/Alex/.pico-sdk/sdk/2.0.0/src/rp2_common/pico_standard_binary_info/standard_binary_info.c.obj
LOAD CMakeFiles/sherbylogger.dir/C_/Users/Alex/.pico-sdk/sdk/2.0.0/src/rp2_common/pico_printf/printf.c.obj
LOAD CMakeFiles/sherbylogger.dir/C_/Users/Alex/.pico-sdk/sdk/2.0.0/src/rp2_common/pico_crt0/crt0.S.obj
LOAD CMakeFiles/sherbylogger.dir/C_/Users/Alex/.pico-sdk/sdk/2.0.0/src/rp2_common/pico_clib_interface/newlib_interface.c.obj
LOAD CMakeFiles/sherbylogger.dir/C_/Users/Alex/.pico-sdk/sdk/2.0.0/src/rp2_common/pico_stdio/stdio.c.obj
LOAD CMakeFiles/sherbylogger.dir/C_/Users/Alex/.pico-sdk/sdk/2.0.0/src/rp2_common/pico_stdio_uart/stdio_uart.c.obj
LOAD CMakeFiles/sherbylogger.dir/C_/Users/Alex/.pico-sdk/sdk/2.0.0/src/rp2_common/hardware_spi/spi.c.obj
LOAD CMakeFiles/sherbylogger.dir/C_/Users/Alex/.pico-sdk/sdk/2.0.0/src/rp2_common/hardware_i2c/i2c.c.obj
LOAD CMakeFiles/sherbylogger.dir/C_/Users/Alex/.pico-sdk/sdk/2.0.0/src/rp2_common/hardware_dma/dma.c.obj
LOAD CMakeFiles/sherbylogger.dir/C_/Users/Alex/.pico-sdk/sdk/2.0.0/src/rp2_common/hardware_pio/pio.c.obj
LOAD CMakeFiles/sherbylogger.dir/C_/Users/Alex/.pico-sdk/sdk/2.0.0/src/rp2_common/pico_aon_timer/aon_timer.c.obj
LOAD CMakeFiles/sherbylogger.dir/C_/Users/Alex/.pico-sdk/sdk/2.0.0/src/rp2_common/hardware_rtc/rtc.c.obj
LOAD CMakeFiles/sherbylogger.dir/C_/Users/Alex/.pico-sdk/sdk/2.0.0/src/rp2_common/cmsis/stub/CMSIS/Device/RP2040/Source/system_RP2040.c.obj
LOAD C:\Users\Alex\AppData\Local\Temp\ccsRhTJA.o
LOAD C:/Users/Alex/.pico-sdk/toolchain/13_2_Rel1/bin/../lib/gcc/arm-none-eabi/13.2.1/thumb/v6-m/nofp\libstdc++.a
LOAD C:/Users/Alex/.pico-sdk/toolchain/13_2_Rel1/bin/../lib/gcc/arm-none-eabi/13.2.1/thumb/v6-m/nofp\libm.a
START GROUP
LOAD C:/Users/Alex/.pico-sdk/toolchain/13_2_Rel1/bin/../lib/gcc/arm-none-eabi/13.2.1/thumb/v6-m/nofp\libgcc.a
LOAD C:/Users/Alex/.pico-sdk/toolchain/13_2_Rel1/bin/../lib/gcc/arm-none-eabi/13.2.1/thumb/v6-m/nofp\libg.a
LOAD C:/Users/Alex/.pico-sdk/toolchain/13_2_Rel1/bin/../lib/gcc/arm-none-eabi/13.2.1/thumb/v6-m/nofp\libc.a
END GROUP
START GROUP
LOAD C:/Users/Alex/.pico-sdk/toolchain/13_2_Rel1/bin/../lib/gcc/arm-none-eabi/13.2.1/thumb/v6-m/nofp\libgcc.a
LOAD C:/Users/Alex/.pico-sdk/toolchain/13_2_Rel1/bin/../lib/gcc/arm-none-eabi/13.2.1/thumb/v6-m/nofp\libc.a
LOAD C:/Users/Alex/.pico-sdk/toolchain/13_2_Rel1/bin/../lib/gcc/arm-none-eabi/13.2.1/thumb/v6-m/nofp\libnosys.a
END GROUP
LOAD C:/Users/Alex/.pico-sdk/toolchain/13_2_Rel1/bin/../lib/gcc/arm-none-eabi/13.2.1/thumb/v6-m/nofp/crtend.o
LOAD C:/Users/Alex/.pico-sdk/toolchain/13_2_Rel1/bin/../lib/gcc/arm-none-eabi/13.2.1/thumb/v6-m/nofp/crtn.o
OUTPUT(sherbylogger.elf elf32-littlearm)
LOAD linker stubs

.ARM.attributes
                0x00000000       0x28
 .ARM.attributes
                0x00000000       0x1e C:/Users/Alex/.pico-sdk/toolchain/13_2_Rel1/bin/../lib/gcc/arm-none-eabi/13.2.1/thumb/v6-m/nofp/crti.o
 .ARM.attributes
                0x0000001e       0x2c C:/Users/Alex/.pico-sdk/toolchain/13_2_Rel1/bin/../lib/gcc/arm-none-eabi/13.2.1/thumb/v6-m/nofp/crtbegin.o
 .ARM.attributes
                0x0000004a       0x2c CMakeFiles/sherbylogger.dir/src/sherbylogger.cpp.obj
 .ARM.attributes
                0x00000076       0x2c CMakeFiles/sherbylogger.dir/no-OS-FatFS-SD-SDIO-SPI-RPi-Pico-main/src/sd_driver/sd_card.c.obj
 .ARM.attributes
                0x000000a2       0x2c CMakeFiles/sherbylogger.dir/no-OS-FatFS-SD-SDIO-SPI-RPi-Pico-main/src/sd_driver/SPI/my_spi.c.obj
 .ARM.attributes
                0x000000ce       0x2c CMakeFiles/sherbylogger.dir/no-OS-FatFS-SD-SDIO-SPI-RPi-Pico-main/src/src/crash.c.obj
 .ARM.attributes
                0x000000fa       0x2c CMakeFiles/sherbylogger.dir/no-OS-FatFS-SD-SDIO-SPI-RPi-Pico-main/src/src/crc.c.obj
 .ARM.attributes
                0x00000126       0x2c CMakeFiles/sherbylogger.dir/no-OS-FatFS-SD-SDIO-SPI-RPi-Pico-main/src/src/my_rtc.c.obj
 .ARM.attributes
                0x00000152       0x2c CMakeFiles/sherbylogger.dir/can2040/src/can2040.c.obj
 .ARM.attributes
                0x0000017e       0x2c CMakeFiles/sherbylogger.dir/C_/Users/Alex/.pico-sdk/sdk/2.0.0/src/rp2_common/hardware_gpio/gpio.c.obj
 .ARM.attributes
                0x000001aa       0x2c CMakeFiles/sherbylogger.dir/C_/Users/Alex/.pico-sdk/sdk/2.0.0/src/rp2_common/pico_platform_panic/panic.c.obj
 .ARM.attributes
                0x000001d6       0x2c CMakeFiles/sherbylogger.dir/C_/Users/Alex/.pico-sdk/sdk/2.0.0/src/common/hardware_claim/claim.c.obj
 .ARM.attributes
                0x00000202       0x2c CMakeFiles/sherbylogger.dir/C_/Users/Alex/.pico-sdk/sdk/2.0.0/src/rp2_common/hardware_sync/sync.c.obj
 .ARM.attributes
                0x0000022e       0x2c CMakeFiles/sherbylogger.dir/C_/Users/Alex/.pico-sdk/sdk/2.0.0/src/rp2_common/hardware_sync_spin_lock/sync_spin_lock.c.obj
 .ARM.attributes
                0x0000025a       0x2c CMakeFiles/sherbylogger.dir/C_/Users/Alex/.pico-sdk/sdk/2.0.0/src/rp2_common/hardware_irq/irq.c.obj
 .ARM.attributes
                0x00000286       0x22 CMakeFiles/sherbylogger.dir/C_/Users/Alex/.pico-sdk/sdk/2.0.0/src/rp2_common/hardware_irq/irq_handler_chain.S.obj
 .ARM.attributes
                0x000002a8       0x2c CMakeFiles/sherbylogger.dir/C_/Users/Alex/.pico-sdk/sdk/2.0.0/src/common/pico_sync/lock_core.c.obj
 .ARM.attributes
                0x000002d4       0x2c CMakeFiles/sherbylogger.dir/C_/Users/Alex/.pico-sdk/sdk/2.0.0/src/common/pico_sync/mutex.c.obj
 .ARM.attributes
                0x00000300       0x2c CMakeFiles/sherbylogger.dir/C_/Users/Alex/.pico-sdk/sdk/2.0.0/src/common/pico_time/time.c.obj
 .ARM.attributes
                0x0000032c       0x2c CMakeFiles/sherbylogger.dir/C_/Users/Alex/.pico-sdk/sdk/2.0.0/src/rp2_common/hardware_timer/timer.c.obj
 .ARM.attributes
                0x00000358       0x2c CMakeFiles/sherbylogger.dir/C_/Users/Alex/.pico-sdk/sdk/2.0.0/src/rp2_common/hardware_uart/uart.c.obj
 .ARM.attributes
                0x00000384       0x2c CMakeFiles/sherbylogger.dir/C_/Users/Alex/.pico-sdk/sdk/2.0.0/src/rp2_common/hardware_clocks/clocks.c.obj
 .ARM.attributes
                0x000003b0       0x2c CMakeFiles/sherbylogger.dir/C_/Users/Alex/.pico-sdk/sdk/2.0.0/src/rp2_common/hardware_pll/pll.c.obj
 .ARM.attributes
                0x000003dc       0x2c CMakeFiles/sherbylogger.dir/C_/Users/Alex/.pico-sdk/sdk/2.0.0/src/rp2_common/hardware_ticks/ticks.c.obj
 .ARM.attributes
                0x00000408       0x2c CMakeFiles/sherbylogger.dir/C_/Users/Alex/.pico-sdk/sdk/2.0.0/src/rp2_common/hardware_xosc/xosc.c.obj
 .ARM.attributes
                0x00000434       0x2c CMakeFiles/sherbylogger.dir/C_/Users/Alex/.pico-sdk/sdk/2.0.0/src/rp2_common/pico_runtime/runtime.c.obj
 .ARM.attributes
                0x00000460       0x2c CMakeFiles/sherbylogger.dir/C_/Users/Alex/.pico-sdk/sdk/2.0.0/src/rp2_common/pico_runtime_init/runtime_init.c.obj
 .ARM.attributes
                0x0000048c       0x2c CMakeFiles/sherbylogger.dir/C_/Users/Alex/.pico-sdk/sdk/2.0.0/src/rp2_common/pico_runtime_init/runtime_init_clocks.c.obj
 .ARM.attributes
                0x000004b8       0x22 CMakeFiles/sherbylogger.dir/C_/Users/Alex/.pico-sdk/sdk/2.0.0/src/rp2_common/pico_bit_ops/bit_ops_aeabi.S.obj
 .ARM.attributes
                0x000004da       0x2c CMakeFiles/sherbylogger.dir/C_/Users/Alex/.pico-sdk/sdk/2.0.0/src/rp2_common/pico_bootrom/bootrom.c.obj
 .ARM.attributes
                0x00000506       0x22 CMakeFiles/sherbylogger.dir/C_/Users/Alex/.pico-sdk/sdk/2.0.0/src/rp2_common/pico_divider/divider_hardware.S.obj
 .ARM.attributes
                0x00000528       0x22 CMakeFiles/sherbylogger.dir/C_/Users/Alex/.pico-sdk/sdk/2.0.0/src/rp2_common/pico_double/double_aeabi_rp2040.S.obj
 .ARM.attributes
                0x0000054a       0x2c CMakeFiles/sherbylogger.dir/C_/Users/Alex/.pico-sdk/sdk/2.0.0/src/rp2_common/pico_double/double_init_rom_rp2040.c.obj
 .ARM.attributes
                0x00000576       0x22 CMakeFiles/sherbylogger.dir/C_/Users/Alex/.pico-sdk/sdk/2.0.0/src/rp2_common/pico_double/double_v1_rom_shim_rp2040.S.obj
 .ARM.attributes
                0x00000598       0x22 CMakeFiles/sherbylogger.dir/C_/Users/Alex/.pico-sdk/sdk/2.0.0/src/rp2_common/pico_int64_ops/pico_int64_ops_aeabi.S.obj
 .ARM.attributes
                0x000005ba       0x22 CMakeFiles/sherbylogger.dir/C_/Users/Alex/.pico-sdk/sdk/2.0.0/src/rp2_common/pico_float/float_aeabi_rp2040.S.obj
 .ARM.attributes
                0x000005dc       0x2c CMakeFiles/sherbylogger.dir/C_/Users/Alex/.pico-sdk/sdk/2.0.0/src/rp2_common/pico_float/float_init_rom_rp2040.c.obj
 .ARM.attributes
                0x00000608       0x22 CMakeFiles/sherbylogger.dir/C_/Users/Alex/.pico-sdk/sdk/2.0.0/src/rp2_common/pico_float/float_v1_rom_shim_rp2040.S.obj
 .ARM.attributes
                0x0000062a       0x22 CMakeFiles/sherbylogger.dir/C_/Users/Alex/.pico-sdk/sdk/2.0.0/src/rp2_common/pico_mem_ops/mem_ops_aeabi.S.obj
 .ARM.attributes
                0x0000064c       0x2c CMakeFiles/sherbylogger.dir/C_/Users/Alex/.pico-sdk/sdk/2.0.0/src/rp2_common/pico_standard_binary_info/standard_binary_info.c.obj
 .ARM.attributes
                0x00000678       0x2c CMakeFiles/sherbylogger.dir/C_/Users/Alex/.pico-sdk/sdk/2.0.0/src/rp2_common/pico_printf/printf.c.obj
 .ARM.attributes
                0x000006a4       0x22 CMakeFiles/sherbylogger.dir/C_/Users/Alex/.pico-sdk/sdk/2.0.0/src/rp2_common/pico_crt0/crt0.S.obj
 .ARM.attributes
                0x000006c6       0x2c CMakeFiles/sherbylogger.dir/C_/Users/Alex/.pico-sdk/sdk/2.0.0/src/rp2_common/pico_clib_interface/newlib_interface.c.obj
 .ARM.attributes
                0x000006f2       0x2c CMakeFiles/sherbylogger.dir/C_/Users/Alex/.pico-sdk/sdk/2.0.0/src/rp2_common/pico_stdio/stdio.c.obj
 .ARM.attributes
                0x0000071e       0x2c CMakeFiles/sherbylogger.dir/C_/Users/Alex/.pico-sdk/sdk/2.0.0/src/rp2_common/pico_stdio_uart/stdio_uart.c.obj
 .ARM.attributes
                0x0000074a       0x2c CMakeFiles/sherbylogger.dir/C_/Users/Alex/.pico-sdk/sdk/2.0.0/src/rp2_common/cmsis/stub/CMSIS/Device/RP2040/Source/system_RP2040.c.obj
 .ARM.attributes
                0x00000776       0x22 C:\Users\Alex\AppData\Local\Temp\ccsRhTJA.o
 .ARM.attributes
                0x00000798       0x1e C:/Users/Alex/.pico-sdk/toolchain/13_2_Rel1/bin/../lib/gcc/arm-none-eabi/13.2.1/thumb/v6-m/nofp\libgcc.a(_dvmd_tls.o)
 .ARM.attributes
                0x000007b6       0x2c C:/Users/Alex/.pico-sdk/toolchain/13_2_Rel1/bin/../lib/gcc/arm-none-eabi/13.2.1/thumb/v6-m/nofp\libg.a(libc_a-memcmp.o)
 .ARM.attributes
                0x000007e2       0x2c C:/Users/Alex/.pico-sdk/toolchain/13_2_Rel1/bin/../lib/gcc/arm-none-eabi/13.2.1/thumb/v6-m/nofp\libg.a(libc_a-strlen-stub.o)
 .ARM.attributes
                0x0000080e       0x2c C:/Users/Alex/.pico-sdk/toolchain/13_2_Rel1/bin/../lib/gcc/arm-none-eabi/13.2.1/thumb/v6-m/nofp/crtend.o

.comment        0x00000000       0x44
 .comment       0x00000000       0x44 CMakeFiles/sherbylogger.dir/src/sherbylogger.cpp.obj
                                 0x45 (size before relaxing)
 .comment       0x00000044       0x45 CMakeFiles/sherbylogger.dir/no-OS-FatFS-SD-SDIO-SPI-RPi-Pico-main/src/sd_driver/sd_card.c.obj
 .comment       0x00000044       0x45 CMakeFiles/sherbylogger.dir/no-OS-FatFS-SD-SDIO-SPI-RPi-Pico-main/src/sd_driver/SPI/my_spi.c.obj
 .comment       0x00000044       0x45 CMakeFiles/sherbylogger.dir/no-OS-FatFS-SD-SDIO-SPI-RPi-Pico-main/src/src/crash.c.obj
 .comment       0x00000044       0x45 CMakeFiles/sherbylogger.dir/no-OS-FatFS-SD-SDIO-SPI-RPi-Pico-main/src/src/crc.c.obj
 .comment       0x00000044       0x45 CMakeFiles/sherbylogger.dir/no-OS-FatFS-SD-SDIO-SPI-RPi-Pico-main/src/src/my_rtc.c.obj
 .comment       0x00000044       0x45 CMakeFiles/sherbylogger.dir/can2040/src/can2040.c.obj
 .comment       0x00000044       0x45 CMakeFiles/sherbylogger.dir/C_/Users/Alex/.pico-sdk/sdk/2.0.0/src/rp2_common/hardware_gpio/gpio.c.obj
 .comment       0x00000044       0x45 CMakeFiles/sherbylogger.dir/C_/Users/Alex/.pico-sdk/sdk/2.0.0/src/rp2_common/pico_platform_panic/panic.c.obj
 .comment       0x00000044       0x45 CMakeFiles/sherbylogger.dir/C_/Users/Alex/.pico-sdk/sdk/2.0.0/src/common/hardware_claim/claim.c.obj
 .comment       0x00000044       0x45 CMakeFiles/sherbylogger.dir/C_/Users/Alex/.pico-sdk/sdk/2.0.0/src/rp2_common/hardware_sync/sync.c.obj
 .comment       0x00000044       0x45 CMakeFiles/sherbylogger.dir/C_/Users/Alex/.pico-sdk/sdk/2.0.0/src/rp2_common/hardware_sync_spin_lock/sync_spin_lock.c.obj
 .comment       0x00000044       0x45 CMakeFiles/sherbylogger.dir/C_/Users/Alex/.pico-sdk/sdk/2.0.0/src/rp2_common/hardware_irq/irq.c.obj
 .comment       0x00000044       0x45 CMakeFiles/sherbylogger.dir/C_/Users/Alex/.pico-sdk/sdk/2.0.0/src/common/pico_sync/lock_core.c.obj
 .comment       0x00000044       0x45 CMakeFiles/sherbylogger.dir/C_/Users/Alex/.pico-sdk/sdk/2.0.0/src/common/pico_sync/mutex.c.obj
 .comment       0x00000044       0x45 CMakeFiles/sherbylogger.dir/C_/Users/Alex/.pico-sdk/sdk/2.0.0/src/common/pico_time/time.c.obj
 .comment       0x00000044       0x45 CMakeFiles/sherbylogger.dir/C_/Users/Alex/.pico-sdk/sdk/2.0.0/src/rp2_common/hardware_timer/timer.c.obj
 .comment       0x00000044       0x45 CMakeFiles/sherbylogger.dir/C_/Users/Alex/.pico-sdk/sdk/2.0.0/src/rp2_common/hardware_uart/uart.c.obj
 .comment       0x00000044       0x45 CMakeFiles/sherbylogger.dir/C_/Users/Alex/.pico-sdk/sdk/2.0.0/src/rp2_common/hardware_clocks/clocks.c.obj
 .comment       0x00000044       0x45 CMakeFiles/sherbylogger.dir/C_/Users/Alex/.pico-sdk/sdk/2.0.0/src/rp2_common/hardware_pll/pll.c.obj
 .comment       0x00000044       0x45 CMakeFiles/sherbylogger.dir/C_/Users/Alex/.pico-sdk/sdk/2.0.0/src/rp2_common/hardware_ticks/ticks.c.obj
 .comment       0x00000044       0x45 CMakeFiles/sherbylogger.dir/C_/Users/Alex/.pico-sdk/sdk/2.0.0/src/rp2_common/hardware_xosc/xosc.c.obj
 .comment       0x00000044       0x45 CMakeFiles/sherbylogger.dir/C_/Users/Alex/.pico-sdk/sdk/2.0.0/src/rp2_common/pico_runtime/runtime.c.obj
 .comment       0x00000044       0x45 CMakeFiles/sherbylogger.dir/C_/Users/Alex/.pico-sdk/sdk/2.0.0/src/rp2_common/pico_runtime_init/runtime_init.c.obj
 .comment       0x00000044       0x45 CMakeFiles/sherbylogger.dir/C_/Users/Alex/.pico-sdk/sdk/2.0.0/src/rp2_common/pico_runtime_init/runtime_init_clocks.c.obj
 .comment       0x00000044       0x45 CMakeFiles/sherbylogger.dir/C_/Users/Alex/.pico-sdk/sdk/2.0.0/src/rp2_common/pico_bootrom/bootrom.c.obj
 .comment       0x00000044       0x45 CMakeFiles/sherbylogger.dir/C_/Users/Alex/.pico-sdk/sdk/2.0.0/src/rp2_common/pico_double/double_init_rom_rp2040.c.obj
 .comment       0x00000044       0x45 CMakeFiles/sherbylogger.dir/C_/Users/Alex/.pico-sdk/sdk/2.0.0/src/rp2_common/pico_float/float_init_rom_rp2040.c.obj
 .comment       0x00000044       0x45 CMakeFiles/sherbylogger.dir/C_/Users/Alex/.pico-sdk/sdk/2.0.0/src/rp2_common/pico_standard_binary_info/standard_binary_info.c.obj
 .comment       0x00000044       0x45 CMakeFiles/sherbylogger.dir/C_/Users/Alex/.pico-sdk/sdk/2.0.0/src/rp2_common/pico_printf/printf.c.obj
 .comment       0x00000044       0x45 CMakeFiles/sherbylogger.dir/C_/Users/Alex/.pico-sdk/sdk/2.0.0/src/rp2_common/pico_clib_interface/newlib_interface.c.obj
 .comment       0x00000044       0x45 CMakeFiles/sherbylogger.dir/C_/Users/Alex/.pico-sdk/sdk/2.0.0/src/rp2_common/pico_stdio/stdio.c.obj
 .comment       0x00000044       0x45 CMakeFiles/sherbylogger.dir/C_/Users/Alex/.pico-sdk/sdk/2.0.0/src/rp2_common/pico_stdio_uart/stdio_uart.c.obj
 .comment       0x00000044       0x45 CMakeFiles/sherbylogger.dir/C_/Users/Alex/.pico-sdk/sdk/2.0.0/src/rp2_common/cmsis/stub/CMSIS/Device/RP2040/Source/system_RP2040.c.obj

.debug_info     0x00000000    0x297dd
 .debug_info    0x00000000      0xc2e CMakeFiles/sherbylogger.dir/src/sherbylogger.cpp.obj
 .debug_info    0x00000c2e     0x2b72 CMakeFiles/sherbylogger.dir/no-OS-FatFS-SD-SDIO-SPI-RPi-Pico-main/src/sd_driver/sd_card.c.obj
 .debug_info    0x000037a0     0x27b2 CMakeFiles/sherbylogger.dir/no-OS-FatFS-SD-SDIO-SPI-RPi-Pico-main/src/sd_driver/SPI/my_spi.c.obj
 .debug_info    0x00005f52      0xfd9 CMakeFiles/sherbylogger.dir/no-OS-FatFS-SD-SDIO-SPI-RPi-Pico-main/src/src/crash.c.obj
 .debug_info    0x00006f2b      0x333 CMakeFiles/sherbylogger.dir/no-OS-FatFS-SD-SDIO-SPI-RPi-Pico-main/src/src/crc.c.obj
 .debug_info    0x0000725e      0x7b3 CMakeFiles/sherbylogger.dir/no-OS-FatFS-SD-SDIO-SPI-RPi-Pico-main/src/src/my_rtc.c.obj
 .debug_info    0x00007a11     0x5dbe CMakeFiles/sherbylogger.dir/can2040/src/can2040.c.obj
 .debug_info    0x0000d7cf     0x2437 CMakeFiles/sherbylogger.dir/C_/Users/Alex/.pico-sdk/sdk/2.0.0/src/rp2_common/hardware_gpio/gpio.c.obj
 .debug_info    0x0000fc06      0x1bf CMakeFiles/sherbylogger.dir/C_/Users/Alex/.pico-sdk/sdk/2.0.0/src/rp2_common/pico_platform_panic/panic.c.obj
 .debug_info    0x0000fdc5      0x995 CMakeFiles/sherbylogger.dir/C_/Users/Alex/.pico-sdk/sdk/2.0.0/src/common/hardware_claim/claim.c.obj
 .debug_info    0x0001075a      0x458 CMakeFiles/sherbylogger.dir/C_/Users/Alex/.pico-sdk/sdk/2.0.0/src/rp2_common/hardware_sync/sync.c.obj
 .debug_info    0x00010bb2      0x245 CMakeFiles/sherbylogger.dir/C_/Users/Alex/.pico-sdk/sdk/2.0.0/src/rp2_common/hardware_sync_spin_lock/sync_spin_lock.c.obj
 .debug_info    0x00010df7     0x21a8 CMakeFiles/sherbylogger.dir/C_/Users/Alex/.pico-sdk/sdk/2.0.0/src/rp2_common/hardware_irq/irq.c.obj
 .debug_info    0x00012f9f      0x15f CMakeFiles/sherbylogger.dir/C_/Users/Alex/.pico-sdk/sdk/2.0.0/src/common/pico_sync/lock_core.c.obj
 .debug_info    0x000130fe     0x2803 CMakeFiles/sherbylogger.dir/C_/Users/Alex/.pico-sdk/sdk/2.0.0/src/common/pico_sync/mutex.c.obj
 .debug_info    0x00015901     0x495a CMakeFiles/sherbylogger.dir/C_/Users/Alex/.pico-sdk/sdk/2.0.0/src/common/pico_time/time.c.obj
 .debug_info    0x0001a25b     0x2af8 CMakeFiles/sherbylogger.dir/C_/Users/Alex/.pico-sdk/sdk/2.0.0/src/rp2_common/hardware_timer/timer.c.obj
 .debug_info    0x0001cd53     0x195f CMakeFiles/sherbylogger.dir/C_/Users/Alex/.pico-sdk/sdk/2.0.0/src/rp2_common/hardware_uart/uart.c.obj
 .debug_info    0x0001e6b2     0x291d CMakeFiles/sherbylogger.dir/C_/Users/Alex/.pico-sdk/sdk/2.0.0/src/rp2_common/hardware_clocks/clocks.c.obj
 .debug_info    0x00020fcf      0x4e5 CMakeFiles/sherbylogger.dir/C_/Users/Alex/.pico-sdk/sdk/2.0.0/src/rp2_common/hardware_pll/pll.c.obj
 .debug_info    0x000214b4      0x248 CMakeFiles/sherbylogger.dir/C_/Users/Alex/.pico-sdk/sdk/2.0.0/src/rp2_common/hardware_ticks/ticks.c.obj
 .debug_info    0x000216fc      0x1cc CMakeFiles/sherbylogger.dir/C_/Users/Alex/.pico-sdk/sdk/2.0.0/src/rp2_common/hardware_xosc/xosc.c.obj
 .debug_info    0x000218c8      0x21a CMakeFiles/sherbylogger.dir/C_/Users/Alex/.pico-sdk/sdk/2.0.0/src/rp2_common/pico_runtime/runtime.c.obj
 .debug_info    0x00021ae2      0x795 CMakeFiles/sherbylogger.dir/C_/Users/Alex/.pico-sdk/sdk/2.0.0/src/rp2_common/pico_runtime_init/runtime_init.c.obj
 .debug_info    0x00022277      0x780 CMakeFiles/sherbylogger.dir/C_/Users/Alex/.pico-sdk/sdk/2.0.0/src/rp2_common/pico_runtime_init/runtime_init_clocks.c.obj
 .debug_info    0x000229f7       0x23 CMakeFiles/sherbylogger.dir/C_/Users/Alex/.pico-sdk/sdk/2.0.0/src/rp2_common/pico_bit_ops/bit_ops_aeabi.S.obj
 .debug_info    0x00022a1a      0x50f CMakeFiles/sherbylogger.dir/C_/Users/Alex/.pico-sdk/sdk/2.0.0/src/rp2_common/pico_bootrom/bootrom.c.obj
 .debug_info    0x00022f29       0x23 CMakeFiles/sherbylogger.dir/C_/Users/Alex/.pico-sdk/sdk/2.0.0/src/rp2_common/pico_divider/divider_hardware.S.obj
 .debug_info    0x00022f4c       0x23 CMakeFiles/sherbylogger.dir/C_/Users/Alex/.pico-sdk/sdk/2.0.0/src/rp2_common/pico_double/double_aeabi_rp2040.S.obj
 .debug_info    0x00022f6f      0x283 CMakeFiles/sherbylogger.dir/C_/Users/Alex/.pico-sdk/sdk/2.0.0/src/rp2_common/pico_double/double_init_rom_rp2040.c.obj
 .debug_info    0x000231f2       0x23 CMakeFiles/sherbylogger.dir/C_/Users/Alex/.pico-sdk/sdk/2.0.0/src/rp2_common/pico_double/double_v1_rom_shim_rp2040.S.obj
 .debug_info    0x00023215       0x24 CMakeFiles/sherbylogger.dir/C_/Users/Alex/.pico-sdk/sdk/2.0.0/src/rp2_common/pico_int64_ops/pico_int64_ops_aeabi.S.obj
 .debug_info    0x00023239       0x23 CMakeFiles/sherbylogger.dir/C_/Users/Alex/.pico-sdk/sdk/2.0.0/src/rp2_common/pico_float/float_aeabi_rp2040.S.obj
 .debug_info    0x0002325c      0x283 CMakeFiles/sherbylogger.dir/C_/Users/Alex/.pico-sdk/sdk/2.0.0/src/rp2_common/pico_float/float_init_rom_rp2040.c.obj
 .debug_info    0x000234df       0x23 CMakeFiles/sherbylogger.dir/C_/Users/Alex/.pico-sdk/sdk/2.0.0/src/rp2_common/pico_float/float_v1_rom_shim_rp2040.S.obj
 .debug_info    0x00023502       0x23 CMakeFiles/sherbylogger.dir/C_/Users/Alex/.pico-sdk/sdk/2.0.0/src/rp2_common/pico_mem_ops/mem_ops_aeabi.S.obj
 .debug_info    0x00023525      0x2b8 CMakeFiles/sherbylogger.dir/C_/Users/Alex/.pico-sdk/sdk/2.0.0/src/rp2_common/pico_standard_binary_info/standard_binary_info.c.obj
 .debug_info    0x000237dd     0x211a CMakeFiles/sherbylogger.dir/C_/Users/Alex/.pico-sdk/sdk/2.0.0/src/rp2_common/pico_printf/printf.c.obj
 .debug_info    0x000258f7       0x23 CMakeFiles/sherbylogger.dir/C_/Users/Alex/.pico-sdk/sdk/2.0.0/src/rp2_common/pico_crt0/crt0.S.obj
 .debug_info    0x0002591a      0xb54 CMakeFiles/sherbylogger.dir/C_/Users/Alex/.pico-sdk/sdk/2.0.0/src/rp2_common/pico_clib_interface/newlib_interface.c.obj
 .debug_info    0x0002646e     0x1cdd CMakeFiles/sherbylogger.dir/C_/Users/Alex/.pico-sdk/sdk/2.0.0/src/rp2_common/pico_stdio/stdio.c.obj
 .debug_info    0x0002814b     0x150a CMakeFiles/sherbylogger.dir/C_/Users/Alex/.pico-sdk/sdk/2.0.0/src/rp2_common/pico_stdio_uart/stdio_uart.c.obj
 .debug_info    0x00029655      0x188 CMakeFiles/sherbylogger.dir/C_/Users/Alex/.pico-sdk/sdk/2.0.0/src/rp2_common/cmsis/stub/CMSIS/Device/RP2040/Source/system_RP2040.c.obj

.debug_abbrev   0x00000000     0x6dc2
 .debug_abbrev  0x00000000      0x3b8 CMakeFiles/sherbylogger.dir/src/sherbylogger.cpp.obj
 .debug_abbrev  0x000003b8      0x5d9 CMakeFiles/sherbylogger.dir/no-OS-FatFS-SD-SDIO-SPI-RPi-Pico-main/src/sd_driver/sd_card.c.obj
 .debug_abbrev  0x00000991      0x505 CMakeFiles/sherbylogger.dir/no-OS-FatFS-SD-SDIO-SPI-RPi-Pico-main/src/sd_driver/SPI/my_spi.c.obj
 .debug_abbrev  0x00000e96      0x454 CMakeFiles/sherbylogger.dir/no-OS-FatFS-SD-SDIO-SPI-RPi-Pico-main/src/src/crash.c.obj
 .debug_abbrev  0x000012ea      0x1a8 CMakeFiles/sherbylogger.dir/no-OS-FatFS-SD-SDIO-SPI-RPi-Pico-main/src/src/crc.c.obj
 .debug_abbrev  0x00001492      0x2fd CMakeFiles/sherbylogger.dir/no-OS-FatFS-SD-SDIO-SPI-RPi-Pico-main/src/src/my_rtc.c.obj
 .debug_abbrev  0x0000178f      0x553 CMakeFiles/sherbylogger.dir/can2040/src/can2040.c.obj
 .debug_abbrev  0x00001ce2      0x4f9 CMakeFiles/sherbylogger.dir/C_/Users/Alex/.pico-sdk/sdk/2.0.0/src/rp2_common/hardware_gpio/gpio.c.obj
 .debug_abbrev  0x000021db      0x12b CMakeFiles/sherbylogger.dir/C_/Users/Alex/.pico-sdk/sdk/2.0.0/src/rp2_common/pico_platform_panic/panic.c.obj
 .debug_abbrev  0x00002306      0x33b CMakeFiles/sherbylogger.dir/C_/Users/Alex/.pico-sdk/sdk/2.0.0/src/common/hardware_claim/claim.c.obj
 .debug_abbrev  0x00002641      0x20d CMakeFiles/sherbylogger.dir/C_/Users/Alex/.pico-sdk/sdk/2.0.0/src/rp2_common/hardware_sync/sync.c.obj
 .debug_abbrev  0x0000284e      0x1bb CMakeFiles/sherbylogger.dir/C_/Users/Alex/.pico-sdk/sdk/2.0.0/src/rp2_common/hardware_sync_spin_lock/sync_spin_lock.c.obj
 .debug_abbrev  0x00002a09      0x5ff CMakeFiles/sherbylogger.dir/C_/Users/Alex/.pico-sdk/sdk/2.0.0/src/rp2_common/hardware_irq/irq.c.obj
 .debug_abbrev  0x00003008       0xee CMakeFiles/sherbylogger.dir/C_/Users/Alex/.pico-sdk/sdk/2.0.0/src/common/pico_sync/lock_core.c.obj
 .debug_abbrev  0x000030f6      0x48c CMakeFiles/sherbylogger.dir/C_/Users/Alex/.pico-sdk/sdk/2.0.0/src/common/pico_sync/mutex.c.obj
 .debug_abbrev  0x00003582      0x672 CMakeFiles/sherbylogger.dir/C_/Users/Alex/.pico-sdk/sdk/2.0.0/src/common/pico_time/time.c.obj
 .debug_abbrev  0x00003bf4      0x503 CMakeFiles/sherbylogger.dir/C_/Users/Alex/.pico-sdk/sdk/2.0.0/src/rp2_common/hardware_timer/timer.c.obj
 .debug_abbrev  0x000040f7      0x365 CMakeFiles/sherbylogger.dir/C_/Users/Alex/.pico-sdk/sdk/2.0.0/src/rp2_common/hardware_uart/uart.c.obj
 .debug_abbrev  0x0000445c      0x4e2 CMakeFiles/sherbylogger.dir/C_/Users/Alex/.pico-sdk/sdk/2.0.0/src/rp2_common/hardware_clocks/clocks.c.obj
 .debug_abbrev  0x0000493e      0x1d2 CMakeFiles/sherbylogger.dir/C_/Users/Alex/.pico-sdk/sdk/2.0.0/src/rp2_common/hardware_pll/pll.c.obj
 .debug_abbrev  0x00004b10      0x145 CMakeFiles/sherbylogger.dir/C_/Users/Alex/.pico-sdk/sdk/2.0.0/src/rp2_common/hardware_ticks/ticks.c.obj
 .debug_abbrev  0x00004c55      0x11b CMakeFiles/sherbylogger.dir/C_/Users/Alex/.pico-sdk/sdk/2.0.0/src/rp2_common/hardware_xosc/xosc.c.obj
 .debug_abbrev  0x00004d70      0x182 CMakeFiles/sherbylogger.dir/C_/Users/Alex/.pico-sdk/sdk/2.0.0/src/rp2_common/pico_runtime/runtime.c.obj
 .debug_abbrev  0x00004ef2      0x222 CMakeFiles/sherbylogger.dir/C_/Users/Alex/.pico-sdk/sdk/2.0.0/src/rp2_common/pico_runtime_init/runtime_init.c.obj
 .debug_abbrev  0x00005114      0x294 CMakeFiles/sherbylogger.dir/C_/Users/Alex/.pico-sdk/sdk/2.0.0/src/rp2_common/pico_runtime_init/runtime_init_clocks.c.obj
 .debug_abbrev  0x000053a8       0x12 CMakeFiles/sherbylogger.dir/C_/Users/Alex/.pico-sdk/sdk/2.0.0/src/rp2_common/pico_bit_ops/bit_ops_aeabi.S.obj
 .debug_abbrev  0x000053ba      0x1b9 CMakeFiles/sherbylogger.dir/C_/Users/Alex/.pico-sdk/sdk/2.0.0/src/rp2_common/pico_bootrom/bootrom.c.obj
 .debug_abbrev  0x00005573       0x12 CMakeFiles/sherbylogger.dir/C_/Users/Alex/.pico-sdk/sdk/2.0.0/src/rp2_common/pico_divider/divider_hardware.S.obj
 .debug_abbrev  0x00005585       0x12 CMakeFiles/sherbylogger.dir/C_/Users/Alex/.pico-sdk/sdk/2.0.0/src/rp2_common/pico_double/double_aeabi_rp2040.S.obj
 .debug_abbrev  0x00005597      0x17a CMakeFiles/sherbylogger.dir/C_/Users/Alex/.pico-sdk/sdk/2.0.0/src/rp2_common/pico_double/double_init_rom_rp2040.c.obj
 .debug_abbrev  0x00005711       0x12 CMakeFiles/sherbylogger.dir/C_/Users/Alex/.pico-sdk/sdk/2.0.0/src/rp2_common/pico_double/double_v1_rom_shim_rp2040.S.obj
 .debug_abbrev  0x00005723       0x14 CMakeFiles/sherbylogger.dir/C_/Users/Alex/.pico-sdk/sdk/2.0.0/src/rp2_common/pico_int64_ops/pico_int64_ops_aeabi.S.obj
 .debug_abbrev  0x00005737       0x12 CMakeFiles/sherbylogger.dir/C_/Users/Alex/.pico-sdk/sdk/2.0.0/src/rp2_common/pico_float/float_aeabi_rp2040.S.obj
 .debug_abbrev  0x00005749      0x173 CMakeFiles/sherbylogger.dir/C_/Users/Alex/.pico-sdk/sdk/2.0.0/src/rp2_common/pico_float/float_init_rom_rp2040.c.obj
 .debug_abbrev  0x000058bc       0x12 CMakeFiles/sherbylogger.dir/C_/Users/Alex/.pico-sdk/sdk/2.0.0/src/rp2_common/pico_float/float_v1_rom_shim_rp2040.S.obj
 .debug_abbrev  0x000058ce       0x12 CMakeFiles/sherbylogger.dir/C_/Users/Alex/.pico-sdk/sdk/2.0.0/src/rp2_common/pico_mem_ops/mem_ops_aeabi.S.obj
 .debug_abbrev  0x000058e0       0xb8 CMakeFiles/sherbylogger.dir/C_/Users/Alex/.pico-sdk/sdk/2.0.0/src/rp2_common/pico_standard_binary_info/standard_binary_info.c.obj
 .debug_abbrev  0x00005998      0x525 CMakeFiles/sherbylogger.dir/C_/Users/Alex/.pico-sdk/sdk/2.0.0/src/rp2_common/pico_printf/printf.c.obj